<?xml version="1.0"?>
<link_info>
   <banner>MSP430 Linker Unix v4.2.1</banner>
   <copyright>Copyright (c) 2003-2013 Texas Instruments Incorporated</copyright>
   <link_time>0x528ebdd1</link_time>
   <link_errors>0x0</link_errors>
   <output_file>BasicWiFi Application.out</output_file>
   <entry_point>
      <name>_c_int00</name>
      <address>0xe34e</address>
   </entry_point>
   <input_file_list>
      <input_file id="fl-2">
         <path>./</path>
         <kind>object</kind>
         <file>board.obj</file>
         <name>board.obj</name>
      </input_file>
      <input_file id="fl-3">
         <path>./</path>
         <kind>object</kind>
         <file>basic_wifi_application.obj</file>
         <name>basic_wifi_application.obj</name>
      </input_file>
      <input_file id="fl-b">
         <path>/home/ian/CC3000 SDK_V1.11/CC3000 SDK/MSP430G2553/Basic WiFi Application/Basic WiFi Source/Basic WiFi Application CCS/CC3000 Spi/Debug/</path>
         <kind>archive</kind>
         <file>CC3000 Spi.lib</file>
         <name>spi.obj</name>
      </input_file>
      <input_file id="fl-c">
         <path>/home/ian/CC3000 SDK_V1.11/CC3000 SDK/MSP430G2553/Basic WiFi Application/Basic WiFi Source/Basic WiFi Application CCS/CC3000HostDriver/Debug/</path>
         <kind>archive</kind>
         <file>CC3000HostDriver.lib</file>
         <name>wlan.obj</name>
      </input_file>
      <input_file id="fl-d">
         <path>/home/ian/CC3000 SDK_V1.11/CC3000 SDK/MSP430G2553/Basic WiFi Application/Basic WiFi Source/Basic WiFi Application CCS/CC3000HostDriver/Debug/</path>
         <kind>archive</kind>
         <file>CC3000HostDriver.lib</file>
         <name>socket.obj</name>
      </input_file>
      <input_file id="fl-e">
         <path>/home/ian/CC3000 SDK_V1.11/CC3000 SDK/MSP430G2553/Basic WiFi Application/Basic WiFi Source/Basic WiFi Application CCS/CC3000HostDriver/Debug/</path>
         <kind>archive</kind>
         <file>CC3000HostDriver.lib</file>
         <name>netapp.obj</name>
      </input_file>
      <input_file id="fl-f">
         <path>/home/ian/CC3000 SDK_V1.11/CC3000 SDK/MSP430G2553/Basic WiFi Application/Basic WiFi Source/Basic WiFi Application CCS/CC3000HostDriver/Debug/</path>
         <kind>archive</kind>
         <file>CC3000HostDriver.lib</file>
         <name>hci.obj</name>
      </input_file>
      <input_file id="fl-10">
         <path>/home/ian/CC3000 SDK_V1.11/CC3000 SDK/MSP430G2553/Basic WiFi Application/Basic WiFi Source/Basic WiFi Application CCS/CC3000HostDriver/Debug/</path>
         <kind>archive</kind>
         <file>CC3000HostDriver.lib</file>
         <name>evnt_handler.obj</name>
      </input_file>
      <input_file id="fl-11">
         <path>/home/ian/CC3000 SDK_V1.11/CC3000 SDK/MSP430G2553/Basic WiFi Application/Basic WiFi Source/Basic WiFi Application CCS/CC3000HostDriver/Debug/</path>
         <kind>archive</kind>
         <file>CC3000HostDriver.lib</file>
         <name>cc3000_common.obj</name>
      </input_file>
      <input_file id="fl-12">
         <path>/home/ian/CC3000 SDK_V1.11/CC3000 SDK/MSP430G2553/Basic WiFi Application/Basic WiFi Source/Basic WiFi Application CCS/CC3000HostDriver/Debug/</path>
         <kind>archive</kind>
         <file>CC3000HostDriver.lib</file>
         <name>nvmem.obj</name>
      </input_file>
      <input_file id="fl-13">
         <path>/home/ian/CC3000 SDK_V1.11/CC3000 SDK/MSP430G2553/Basic WiFi Application/Basic WiFi Source/Basic WiFi Application CCS/HyperTerminal Driver/Debug/</path>
         <kind>archive</kind>
         <file>HyperTerminal Driver.lib</file>
         <name>dispatcher.obj</name>
      </input_file>
      <input_file id="fl-29">
         <path>/opt/ti/ccsv5/tools/compiler/msp430_4.2.1/lib/</path>
         <kind>archive</kind>
         <file>rts430_eabi.lib</file>
         <name>boot.obj</name>
      </input_file>
      <input_file id="fl-2a">
         <path>/opt/ti/ccsv5/tools/compiler/msp430_4.2.1/lib/</path>
         <kind>archive</kind>
         <file>rts430_eabi.lib</file>
         <name>copy_decompress_none.obj</name>
      </input_file>
      <input_file id="fl-2b">
         <path>/opt/ti/ccsv5/tools/compiler/msp430_4.2.1/lib/</path>
         <kind>archive</kind>
         <file>rts430_eabi.lib</file>
         <name>copy_decompress_rle.obj</name>
      </input_file>
      <input_file id="fl-2c">
         <path>/opt/ti/ccsv5/tools/compiler/msp430_4.2.1/lib/</path>
         <kind>archive</kind>
         <file>rts430_eabi.lib</file>
         <name>copy_zero_init.obj</name>
      </input_file>
      <input_file id="fl-2d">
         <path>/opt/ti/ccsv5/tools/compiler/msp430_4.2.1/lib/</path>
         <kind>archive</kind>
         <file>rts430_eabi.lib</file>
         <name>div16s.obj</name>
      </input_file>
      <input_file id="fl-2e">
         <path>/opt/ti/ccsv5/tools/compiler/msp430_4.2.1/lib/</path>
         <kind>archive</kind>
         <file>rts430_eabi.lib</file>
         <name>div16u.obj</name>
      </input_file>
      <input_file id="fl-2f">
         <path>/opt/ti/ccsv5/tools/compiler/msp430_4.2.1/lib/</path>
         <kind>archive</kind>
         <file>rts430_eabi.lib</file>
         <name>epilog.obj</name>
      </input_file>
      <input_file id="fl-30">
         <path>/opt/ti/ccsv5/tools/compiler/msp430_4.2.1/lib/</path>
         <kind>archive</kind>
         <file>rts430_eabi.lib</file>
         <name>errno.obj</name>
      </input_file>
      <input_file id="fl-31">
         <path>/opt/ti/ccsv5/tools/compiler/msp430_4.2.1/lib/</path>
         <kind>archive</kind>
         <file>rts430_eabi.lib</file>
         <name>exit.obj</name>
      </input_file>
      <input_file id="fl-32">
         <path>/opt/ti/ccsv5/tools/compiler/msp430_4.2.1/lib/</path>
         <kind>archive</kind>
         <file>rts430_eabi.lib</file>
         <name>lsl16.obj</name>
      </input_file>
      <input_file id="fl-33">
         <path>/opt/ti/ccsv5/tools/compiler/msp430_4.2.1/lib/</path>
         <kind>archive</kind>
         <file>rts430_eabi.lib</file>
         <name>lsl32.obj</name>
      </input_file>
      <input_file id="fl-34">
         <path>/opt/ti/ccsv5/tools/compiler/msp430_4.2.1/lib/</path>
         <kind>archive</kind>
         <file>rts430_eabi.lib</file>
         <name>lsr32.obj</name>
      </input_file>
      <input_file id="fl-35">
         <path>/opt/ti/ccsv5/tools/compiler/msp430_4.2.1/lib/</path>
         <kind>archive</kind>
         <file>rts430_eabi.lib</file>
         <name>memcpy.obj</name>
      </input_file>
      <input_file id="fl-36">
         <path>/opt/ti/ccsv5/tools/compiler/msp430_4.2.1/lib/</path>
         <kind>archive</kind>
         <file>rts430_eabi.lib</file>
         <name>memset.obj</name>
      </input_file>
      <input_file id="fl-37">
         <path>/opt/ti/ccsv5/tools/compiler/msp430_4.2.1/lib/</path>
         <kind>archive</kind>
         <file>rts430_eabi.lib</file>
         <name>pre_init.obj</name>
      </input_file>
      <input_file id="fl-38">
         <path>/opt/ti/ccsv5/tools/compiler/msp430_4.2.1/lib/</path>
         <kind>archive</kind>
         <file>rts430_eabi.lib</file>
         <name>sprintf.obj</name>
      </input_file>
      <input_file id="fl-39">
         <path>/opt/ti/ccsv5/tools/compiler/msp430_4.2.1/lib/</path>
         <kind>archive</kind>
         <file>rts430_eabi.lib</file>
         <name>strlen.obj</name>
      </input_file>
      <input_file id="fl-3a">
         <path>/opt/ti/ccsv5/tools/compiler/msp430_4.2.1/lib/</path>
         <kind>archive</kind>
         <file>rts430_eabi.lib</file>
         <name>_lock.obj</name>
      </input_file>
      <input_file id="fl-3b">
         <path>/opt/ti/ccsv5/tools/compiler/msp430_4.2.1/lib/</path>
         <kind>archive</kind>
         <file>rts430_eabi.lib</file>
         <name>_printfi_min.obj</name>
      </input_file>
      <input_file id="fl-3c">
         <path>/opt/ti/ccsv5/tools/compiler/msp430_4.2.1/lib/</path>
         <kind>archive</kind>
         <file>rts430_eabi.lib</file>
         <name>args_main.obj</name>
      </input_file>
      <input_file id="fl-3d">
         <path>/opt/ti/ccsv5/tools/compiler/msp430_4.2.1/lib/</path>
         <kind>archive</kind>
         <file>rts430_eabi.lib</file>
         <name>autoinit.obj</name>
      </input_file>
      <input_file id="fl-3e">
         <path>/opt/ti/ccsv5/tools/compiler/msp430_4.2.1/lib/</path>
         <kind>archive</kind>
         <file>rts430_eabi.lib</file>
         <name>lsr16.obj</name>
      </input_file>
      <input_file id="fl-3f">
         <path>/opt/ti/ccsv5/tools/compiler/msp430_4.2.1/lib/</path>
         <kind>archive</kind>
         <file>rts430_eabi.lib</file>
         <name>memccpy.obj</name>
      </input_file>
      <input_file id="fl-40">
         <path>/opt/ti/ccsv5/tools/compiler/msp430_4.2.1/lib/</path>
         <kind>archive</kind>
         <file>rts430_eabi.lib</file>
         <name>mult16.obj</name>
      </input_file>
   </input_file_list>
   <object_component_list>
      <object_component id="oc-4e">
         <name>.stack</name>
         <uninitialized>true</uninitialized>
         <run_address>0x338</run_address>
         <size>0x2</size>
         <input_file_ref idref="fl-29"/>
      </object_component>
      <object_component id="oc-4ce">
         <name>.stack</name>
         <uninitialized>true</uninitialized>
         <run_address>0x338</run_address>
         <size>0x0</size>
      </object_component>
      <object_component id="oc-e9">
         <name>.text:DemoHandleUartCommand</name>
         <load_address>0xc000</load_address>
         <run_address>0xc000</run_address>
         <size>0x374</size>
         <input_file_ref idref="fl-3"/>
      </object_component>
      <object_component id="oc-32f">
         <name>.text:hci_event_handler</name>
         <load_address>0xc374</load_address>
         <run_address>0xc374</run_address>
         <size>0x2fe</size>
         <input_file_ref idref="fl-10"/>
      </object_component>
      <object_component id="oc-3d7">
         <name>.text:hci_unsol_event_handler</name>
         <load_address>0xc672</load_address>
         <run_address>0xc672</run_address>
         <size>0x1fe</size>
         <input_file_ref idref="fl-10"/>
      </object_component>
      <object_component id="oc-2d2">
         <name>.text:simple_link_send</name>
         <load_address>0xc870</load_address>
         <run_address>0xc870</run_address>
         <size>0x19a</size>
         <input_file_ref idref="fl-d"/>
      </object_component>
      <object_component id="oc-3f2">
         <name>.text:_setfield</name>
         <load_address>0xca0a</load_address>
         <run_address>0xca0a</run_address>
         <size>0x116</size>
         <input_file_ref idref="fl-3b"/>
      </object_component>
      <object_component id="oc-211">
         <name>.text:StartSmartConfig</name>
         <load_address>0xcb20</load_address>
         <run_address>0xcb20</run_address>
         <size>0x102</size>
         <input_file_ref idref="fl-3"/>
      </object_component>
      <object_component id="oc-193">
         <name>.text:CC3000_UsynchCallback</name>
         <load_address>0xcc22</load_address>
         <run_address>0xcc22</run_address>
         <size>0xe8</size>
         <input_file_ref idref="fl-3"/>
      </object_component>
      <object_component id="oc-452">
         <name>.text:hci_patch_send</name>
         <load_address>0xcd0a</load_address>
         <run_address>0xcd0a</run_address>
         <size>0xe0</size>
         <input_file_ref idref="fl-f"/>
      </object_component>
      <object_component id="oc-6f">
         <name>.text:main</name>
         <load_address>0xcdea</load_address>
         <run_address>0xcdea</run_address>
         <size>0xde</size>
         <input_file_ref idref="fl-3"/>
      </object_component>
      <object_component id="oc-de">
         <name>.text:initDriver</name>
         <load_address>0xcec8</load_address>
         <run_address>0xcec8</run_address>
         <size>0xdc</size>
         <input_file_ref idref="fl-3"/>
      </object_component>
      <object_component id="oc-327">
         <name>.text:SpiWrite</name>
         <load_address>0xcfa4</load_address>
         <run_address>0xcfa4</run_address>
         <size>0xce</size>
         <input_file_ref idref="fl-b"/>
      </object_component>
      <object_component id="oc-350">
         <name>.text:__TI_printfi_minimal</name>
         <load_address>0xd072</load_address>
         <run_address>0xd072</run_address>
         <size>0xca</size>
         <input_file_ref idref="fl-3b"/>
      </object_component>
      <object_component id="oc-20c">
         <name>.text:wlan_connect</name>
         <load_address>0xd13c</load_address>
         <run_address>0xd13c</run_address>
         <size>0xc6</size>
         <input_file_ref idref="fl-c"/>
      </object_component>
      <object_component id="oc-1ac">
         <name>.text:wlan_start</name>
         <load_address>0xd202</load_address>
         <run_address>0xd202</run_address>
         <size>0xa8</size>
         <input_file_ref idref="fl-c"/>
      </object_component>
      <object_component id="oc-2c4">
         <name>.text:simple_link_recv</name>
         <load_address>0xd2aa</load_address>
         <run_address>0xd2aa</run_address>
         <size>0x96</size>
         <input_file_ref idref="fl-d"/>
      </object_component>
      <object_component id="oc-56">
         <name>.text:IntSpiGPIOHandler</name>
         <load_address>0xd340</load_address>
         <run_address>0xd340</run_address>
         <size>0x86</size>
         <input_file_ref idref="fl-b"/>
      </object_component>
      <object_component id="oc-155">
         <name>.text:SpiReadDataCont</name>
         <load_address>0xd3c6</load_address>
         <run_address>0xd3c6</run_address>
         <size>0x82</size>
         <input_file_ref idref="fl-b"/>
      </object_component>
      <object_component id="oc-3e6">
         <name>.text:hci_unsol_handle_patch_request</name>
         <load_address>0xd448</load_address>
         <run_address>0xd448</run_address>
         <size>0x80</size>
         <input_file_ref idref="fl-10"/>
      </object_component>
      <object_component id="oc-1eb">
         <name>.text:netapp_dhcp</name>
         <load_address>0xd4c8</load_address>
         <run_address>0xd4c8</run_address>
         <size>0x7a</size>
         <input_file_ref idref="fl-e"/>
      </object_component>
      <object_component id="oc-200">
         <name>.text:socket</name>
         <load_address>0xd542</load_address>
         <run_address>0xd542</run_address>
         <size>0x74</size>
         <input_file_ref idref="fl-d"/>
      </object_component>
      <object_component id="oc-1b6">
         <name>.text:wlan_set_event_mask</name>
         <load_address>0xd5b6</load_address>
         <run_address>0xd5b6</run_address>
         <size>0x72</size>
         <input_file_ref idref="fl-c"/>
      </object_component>
      <object_component id="oc-ff">
         <name>.text:mdnsAdvertiser</name>
         <load_address>0xd628</load_address>
         <run_address>0xd628</run_address>
         <size>0x6a</size>
         <input_file_ref idref="fl-d"/>
      </object_component>
      <object_component id="oc-1f7">
         <name>.text:bind</name>
         <load_address>0xd692</load_address>
         <run_address>0xd692</run_address>
         <size>0x68</size>
         <input_file_ref idref="fl-d"/>
      </object_component>
      <object_component id="oc-1e1">
         <name>.text:wlan_ioctl_set_connection_policy</name>
         <load_address>0xd6fa</load_address>
         <run_address>0xd6fa</run_address>
         <size>0x62</size>
         <input_file_ref idref="fl-c"/>
      </object_component>
      <object_component id="oc-5b">
         <name>.text:USCI_A0_ISR</name>
         <load_address>0xd75c</load_address>
         <run_address>0xd75c</run_address>
         <size>0x60</size>
         <input_file_ref idref="fl-13"/>
      </object_component>
      <object_component id="oc-170">
         <name>.text:pio_init</name>
         <load_address>0xd7bc</load_address>
         <run_address>0xd7bc</run_address>
         <size>0x60</size>
         <input_file_ref idref="fl-2"/>
      </object_component>
      <object_component id="oc-2e4">
         <name>.text:set_socket_active_status</name>
         <load_address>0xd81c</load_address>
         <run_address>0xd81c</run_address>
         <size>0x60</size>
         <input_file_ref idref="fl-10"/>
      </object_component>
      <object_component id="oc-307">
         <name>.text:wlan_smart_config_set_prefix</name>
         <load_address>0xd87c</load_address>
         <run_address>0xd87c</run_address>
         <size>0x60</size>
         <input_file_ref idref="fl-c"/>
      </object_component>
      <object_component id="oc-8d">
         <name>.text:__TI_decompress_rle_core</name>
         <load_address>0xd8dc</load_address>
         <run_address>0xd8dc</run_address>
         <size>0x5e</size>
         <input_file_ref idref="fl-2b"/>
      </object_component>
      <object_component id="oc-6a">
         <name>.text:_auto_init</name>
         <load_address>0xd93a</load_address>
         <run_address>0xd93a</run_address>
         <size>0x5e</size>
         <input_file_ref idref="fl-3d"/>
      </object_component>
      <object_component id="oc-321">
         <name>.text:l_lsr_const</name>
         <load_address>0xd998</load_address>
         <run_address>0xd998</run_address>
         <size>0x5c</size>
         <input_file_ref idref="fl-34"/>
      </object_component>
      <object_component id="oc-207">
         <name>.text:atoc</name>
         <load_address>0xd9f4</load_address>
         <run_address>0xd9f4</run_address>
         <size>0x5a</size>
         <input_file_ref idref="fl-3"/>
      </object_component>
      <object_component id="oc-1f0">
         <name>.text:closesocket</name>
         <load_address>0xda4e</load_address>
         <run_address>0xda4e</run_address>
         <size>0x58</size>
         <input_file_ref idref="fl-d"/>
      </object_component>
      <object_component id="oc-1bd">
         <name>.text:my_itoa</name>
         <load_address>0xdaa6</load_address>
         <run_address>0xdaa6</run_address>
         <size>0x58</size>
         <input_file_ref idref="fl-3"/>
      </object_component>
      <object_component id="oc-479">
         <name>.text:_ltostr</name>
         <load_address>0xdafe</load_address>
         <run_address>0xdafe</run_address>
         <size>0x56</size>
         <input_file_ref idref="fl-3b"/>
      </object_component>
      <object_component id="oc-2a5">
         <name>.text:SpiOpen</name>
         <load_address>0xdb54</load_address>
         <run_address>0xdb54</run_address>
         <size>0x52</size>
         <input_file_ref idref="fl-b"/>
      </object_component>
      <object_component id="oc-1da">
         <name>.text:sendto</name>
         <load_address>0xdba6</load_address>
         <run_address>0xdba6</run_address>
         <size>0x52</size>
         <input_file_ref idref="fl-d"/>
      </object_component>
      <object_component id="oc-3c5">
         <name>.text:SpiFirstWrite</name>
         <load_address>0xdbf8</load_address>
         <run_address>0xdbf8</run_address>
         <size>0x50</size>
         <input_file_ref idref="fl-b"/>
      </object_component>
      <object_component id="oc-383">
         <name>.text:HostFlowControlConsumeBuff</name>
         <load_address>0xdc48</load_address>
         <run_address>0xdc48</run_address>
         <size>0x4e</size>
         <input_file_ref idref="fl-d"/>
      </object_component>
      <object_component id="oc-459">
         <name>.text:_pproc_diouxp</name>
         <load_address>0xdc96</load_address>
         <run_address>0xdc96</run_address>
         <size>0x4e</size>
         <input_file_ref idref="fl-3b"/>
      </object_component>
      <object_component id="oc-48e">
         <name>.text</name>
         <load_address>0xdce4</load_address>
         <run_address>0xdce4</run_address>
         <size>0x4c</size>
         <input_file_ref idref="fl-3e"/>
      </object_component>
      <object_component id="oc-14f">
         <name>.text:SpiReadDataSynchronous</name>
         <load_address>0xdd30</load_address>
         <run_address>0xdd30</run_address>
         <size>0x48</size>
         <input_file_ref idref="fl-b"/>
      </object_component>
      <object_component id="oc-1c8">
         <name>.text:recvfrom</name>
         <load_address>0xdd78</load_address>
         <run_address>0xdd78</run_address>
         <size>0x48</size>
         <input_file_ref idref="fl-d"/>
      </object_component>
      <object_component id="oc-3f7">
         <name>.text:_pproc_str</name>
         <load_address>0xddc0</load_address>
         <run_address>0xddc0</run_address>
         <size>0x46</size>
         <input_file_ref idref="fl-3b"/>
      </object_component>
      <object_component id="oc-433">
         <name>.text:hci_event_unsol_flowcontrol_handler</name>
         <load_address>0xde06</load_address>
         <run_address>0xde06</run_address>
         <size>0x46</size>
         <input_file_ref idref="fl-10"/>
      </object_component>
      <object_component id="oc-38b">
         <name>.text:hci_data_send</name>
         <load_address>0xde4c</load_address>
         <run_address>0xde4c</run_address>
         <size>0x42</size>
         <input_file_ref idref="fl-f"/>
      </object_component>
      <object_component id="oc-17a">
         <name>.text:DispatcherUARTConfigure</name>
         <load_address>0xde8e</load_address>
         <run_address>0xde8e</run_address>
         <size>0x40</size>
         <input_file_ref idref="fl-13"/>
      </object_component>
      <object_component id="oc-41b">
         <name>.text:get_socket_active_status</name>
         <load_address>0xdece</load_address>
         <run_address>0xdece</run_address>
         <size>0x40</size>
         <input_file_ref idref="fl-10"/>
      </object_component>
      <object_component id="oc-2fe">
         <name>.text:wlan_ioctl_del_profile</name>
         <load_address>0xdf0e</load_address>
         <run_address>0xdf0e</run_address>
         <size>0x40</size>
         <input_file_ref idref="fl-c"/>
      </object_component>
      <object_component id="oc-30c">
         <name>.text:wlan_smart_config_start</name>
         <load_address>0xdf4e</load_address>
         <run_address>0xdf4e</run_address>
         <size>0x40</size>
         <input_file_ref idref="fl-c"/>
      </object_component>
      <object_component id="oc-42e">
         <name>.text:l_lsl_const</name>
         <load_address>0xdf8e</load_address>
         <run_address>0xdf8e</run_address>
         <size>0x3e</size>
         <input_file_ref idref="fl-33"/>
      </object_component>
      <object_component id="oc-258">
         <name>.text:ConfigureSwitch</name>
         <load_address>0xdfcc</load_address>
         <run_address>0xdfcc</run_address>
         <size>0x3a</size>
         <input_file_ref idref="fl-2"/>
      </object_component>
      <object_component id="oc-175">
         <name>.text:init_spi</name>
         <load_address>0xe006</load_address>
         <run_address>0xe006</run_address>
         <size>0x3a</size>
         <input_file_ref idref="fl-b"/>
      </object_component>
      <object_component id="oc-278">
         <name>.text:sprintf</name>
         <load_address>0xe040</load_address>
         <run_address>0xe040</run_address>
         <size>0x38</size>
         <input_file_ref idref="fl-38"/>
      </object_component>
      <object_component id="oc-359">
         <name>.text:hci_unsolicited_event_handler</name>
         <load_address>0xe078</load_address>
         <run_address>0xe078</run_address>
         <size>0x36</size>
         <input_file_ref idref="fl-10"/>
      </object_component>
      <object_component id="oc-43f">
         <name>.text:update_socket_active_status</name>
         <load_address>0xe0ae</load_address>
         <run_address>0xe0ae</run_address>
         <size>0x34</size>
         <input_file_ref idref="fl-10"/>
      </object_component>
      <object_component id="oc-3d1">
         <name>.text:STREAM_TO_UINT32_f</name>
         <load_address>0xe0e2</load_address>
         <run_address>0xe0e2</run_address>
         <size>0x30</size>
         <input_file_ref idref="fl-11"/>
      </object_component>
      <object_component id="oc-a6">
         <name>.text:SpiWriteDataSynchronous</name>
         <load_address>0xe112</load_address>
         <run_address>0xe112</run_address>
         <size>0x30</size>
         <input_file_ref idref="fl-b"/>
      </object_component>
      <object_component id="oc-474">
         <name>.text:_getarg_diouxp</name>
         <load_address>0xe142</load_address>
         <run_address>0xe142</run_address>
         <size>0x2e</size>
         <input_file_ref idref="fl-3b"/>
      </object_component>
      <object_component id="oc-227">
         <name>.text:hci_command_send</name>
         <load_address>0xe170</load_address>
         <run_address>0xe170</run_address>
         <size>0x2e</size>
         <input_file_ref idref="fl-f"/>
      </object_component>
      <object_component id="oc-1a7">
         <name>.text:wlan_init</name>
         <load_address>0xe19e</load_address>
         <run_address>0xe19e</run_address>
         <size>0x2e</size>
         <input_file_ref idref="fl-c"/>
      </object_component>
      <object_component id="oc-2bd">
         <name>.text</name>
         <load_address>0xe1cc</load_address>
         <run_address>0xe1cc</run_address>
         <size>0x2c</size>
         <input_file_ref idref="fl-2d"/>
      </object_component>
      <object_component id="oc-2cc">
         <name>.text</name>
         <load_address>0xe1f8</load_address>
         <run_address>0xe1f8</run_address>
         <size>0x2c</size>
         <input_file_ref idref="fl-32"/>
      </object_component>
      <object_component id="oc-1e6">
         <name>.text:wlan_disconnect</name>
         <load_address>0xe224</load_address>
         <run_address>0xe224</run_address>
         <size>0x2c</size>
         <input_file_ref idref="fl-c"/>
      </object_component>
      <object_component id="oc-253">
         <name>.text:initClk</name>
         <load_address>0xe250</load_address>
         <run_address>0xe250</run_address>
         <size>0x2a</size>
         <input_file_ref idref="fl-2"/>
      </object_component>
      <object_component id="oc-15a">
         <name>.text:SpiTriggerRxProcessing</name>
         <load_address>0xe27a</load_address>
         <run_address>0xe27a</run_address>
         <size>0x28</size>
         <input_file_ref idref="fl-b"/>
      </object_component>
      <object_component id="oc-222">
         <name>.text:UINT32_TO_STREAM_f</name>
         <load_address>0xe2a2</load_address>
         <run_address>0xe2a2</run_address>
         <size>0x28</size>
         <input_file_ref idref="fl-11"/>
      </object_component>
      <object_component id="oc-2af">
         <name>.text:SimpleLink_Init_Start</name>
         <load_address>0xe2ca</load_address>
         <run_address>0xe2ca</run_address>
         <size>0x24</size>
         <input_file_ref idref="fl-c"/>
      </object_component>
      <object_component id="oc-ee">
         <name>.text:wakeup_timer_init</name>
         <load_address>0xe2ee</load_address>
         <run_address>0xe2ee</run_address>
         <size>0x24</size>
         <input_file_ref idref="fl-2"/>
      </object_component>
      <object_component id="oc-313">
         <name>.text:wlan_stop</name>
         <load_address>0xe312</load_address>
         <run_address>0xe312</run_address>
         <size>0x20</size>
         <input_file_ref idref="fl-c"/>
      </object_component>
      <object_component id="oc-45e">
         <name>.text:memccpy</name>
         <load_address>0xe332</load_address>
         <run_address>0xe332</run_address>
         <size>0x1c</size>
         <input_file_ref idref="fl-3f"/>
      </object_component>
      <object_component id="oc-3a">
         <name>.text:_c_int00_noexit</name>
         <load_address>0xe34e</load_address>
         <run_address>0xe34e</run_address>
         <size>0x1a</size>
         <input_file_ref idref="fl-29"/>
      </object_component>
      <object_component id="oc-346">
         <name>.text:_outs</name>
         <load_address>0xe368</load_address>
         <run_address>0xe368</run_address>
         <size>0x1a</size>
         <input_file_ref idref="fl-38"/>
      </object_component>
      <object_component id="oc-482">
         <name>.text:_div</name>
         <load_address>0xe382</load_address>
         <run_address>0xe382</run_address>
         <size>0x18</size>
         <input_file_ref idref="fl-3b"/>
      </object_component>
      <object_component id="oc-1d0">
         <name>.text:atoshort</name>
         <load_address>0xe39a</load_address>
         <run_address>0xe39a</run_address>
         <size>0x18</size>
         <input_file_ref idref="fl-3"/>
      </object_component>
      <object_component id="oc-1d5">
         <name>.text:ascii_to_char</name>
         <load_address>0xe3b2</load_address>
         <run_address>0xe3b2</run_address>
         <size>0x16</size>
         <input_file_ref idref="fl-3"/>
      </object_component>
      <object_component id="oc-36f">
         <name>.text</name>
         <load_address>0xe3c8</load_address>
         <run_address>0xe3c8</run_address>
         <size>0x16</size>
         <input_file_ref idref="fl-2e"/>
      </object_component>
      <object_component id="oc-10d">
         <name>.text:DispatcherUartSendPacket</name>
         <load_address>0xe3de</load_address>
         <run_address>0xe3de</run_address>
         <size>0x14</size>
         <input_file_ref idref="fl-13"/>
      </object_component>
      <object_component id="oc-44">
         <name>.text:decompress:ZI:__TI_zero_init</name>
         <load_address>0xe3f2</load_address>
         <run_address>0xe3f2</run_address>
         <size>0x14</size>
         <input_file_ref idref="fl-2c"/>
      </object_component>
      <object_component id="oc-c0">
         <name>.text:memset</name>
         <load_address>0xe406</load_address>
         <run_address>0xe406</run_address>
         <size>0x14</size>
         <input_file_ref idref="fl-36"/>
      </object_component>
      <object_component id="oc-487">
         <name>.text</name>
         <load_address>0xe41a</load_address>
         <run_address>0xe41a</run_address>
         <size>0x14</size>
         <input_file_ref idref="fl-40"/>
      </object_component>
      <object_component id="oc-b5">
         <name>.text:SSIContReadOperation</name>
         <load_address>0xe42e</load_address>
         <run_address>0xe42e</run_address>
         <size>0x12</size>
         <input_file_ref idref="fl-b"/>
      </object_component>
      <object_component id="oc-34b">
         <name>.text:_outc</name>
         <load_address>0xe440</load_address>
         <run_address>0xe440</run_address>
         <size>0x12</size>
         <input_file_ref idref="fl-38"/>
      </object_component>
      <object_component id="oc-3f">
         <name>.text:decompress:none:__TI_decompress_none</name>
         <load_address>0xe452</load_address>
         <run_address>0xe452</run_address>
         <size>0x12</size>
         <input_file_ref idref="fl-2a"/>
      </object_component>
      <object_component id="oc-7a">
         <name>.text:memcpy</name>
         <load_address>0xe464</load_address>
         <run_address>0xe464</run_address>
         <size>0x12</size>
         <input_file_ref idref="fl-35"/>
      </object_component>
      <object_component id="oc-241">
         <name>.text:STREAM_TO_UINT16_f</name>
         <load_address>0xe476</load_address>
         <run_address>0xe476</run_address>
         <size>0x10</size>
         <input_file_ref idref="fl-11"/>
      </object_component>
      <object_component id="oc-22c">
         <name>.text:SimpleLinkWaitEvent</name>
         <load_address>0xe486</load_address>
         <run_address>0xe486</run_address>
         <size>0x10</size>
         <input_file_ref idref="fl-10"/>
      </object_component>
      <object_component id="oc-2f0">
         <name>.text:UINT16_TO_STREAM_f</name>
         <load_address>0xe496</load_address>
         <run_address>0xe496</run_address>
         <size>0x10</size>
         <input_file_ref idref="fl-11"/>
      </object_component>
      <object_component id="oc-184">
         <name>.text:WlanInterruptEnable</name>
         <load_address>0xe4a6</load_address>
         <run_address>0xe4a6</run_address>
         <size>0x10</size>
         <input_file_ref idref="fl-2"/>
      </object_component>
      <object_component id="oc-18e">
         <name>.text:WriteWlanPin</name>
         <load_address>0xe4b6</load_address>
         <run_address>0xe4b6</run_address>
         <size>0x10</size>
         <input_file_ref idref="fl-2"/>
      </object_component>
      <object_component id="oc-39a">
         <name>.text:l_lsl</name>
         <load_address>0xe4c6</load_address>
         <run_address>0xe4c6</run_address>
         <size>0x10</size>
         <input_file_ref idref="fl-33"/>
      </object_component>
      <object_component id="oc-cf">
         <name>.text</name>
         <load_address>0xe4d6</load_address>
         <run_address>0xe4d6</run_address>
         <size>0x10</size>
         <input_file_ref idref="fl-2f"/>
      </object_component>
      <object_component id="oc-3ae">
         <name>.text:SpiClose</name>
         <load_address>0xe4e6</load_address>
         <run_address>0xe4e6</run_address>
         <size>0xe</size>
         <input_file_ref idref="fl-b"/>
      </object_component>
      <object_component id="oc-fa">
         <name>.text:strlen</name>
         <load_address>0xe4f4</load_address>
         <run_address>0xe4f4</run_address>
         <size>0xe</size>
         <input_file_ref idref="fl-39"/>
      </object_component>
      <object_component id="oc-e3">
         <name>.text:wakeup_timer_disable</name>
         <load_address>0xe502</load_address>
         <run_address>0xe502</run_address>
         <size>0xe</size>
         <input_file_ref idref="fl-2"/>
      </object_component>
      <object_component id="oc-17f">
         <name>.text:ReadWlanInterruptPin</name>
         <load_address>0xe510</load_address>
         <run_address>0xe510</run_address>
         <size>0xc</size>
         <input_file_ref idref="fl-2"/>
      </object_component>
      <object_component id="oc-ae">
         <name>.text:SpiReadHeader</name>
         <load_address>0xe51c</load_address>
         <run_address>0xe51c</run_address>
         <size>0xc</size>
         <input_file_ref idref="fl-b"/>
      </object_component>
      <object_component id="oc-2a0">
         <name>.text:SpiReceiveHandler</name>
         <load_address>0xe528</load_address>
         <run_address>0xe528</run_address>
         <size>0xc</size>
         <input_file_ref idref="fl-c"/>
      </object_component>
      <object_component id="oc-1a2">
         <name>.text:sendBootLoaderPatch</name>
         <load_address>0xe534</load_address>
         <run_address>0xe534</run_address>
         <size>0xc</size>
         <input_file_ref idref="fl-3"/>
      </object_component>
      <object_component id="oc-19d">
         <name>.text:sendDriverPatch</name>
         <load_address>0xe540</load_address>
         <run_address>0xe540</run_address>
         <size>0xc</size>
         <input_file_ref idref="fl-3"/>
      </object_component>
      <object_component id="oc-198">
         <name>.text:sendWLFWPatch</name>
         <load_address>0xe54c</load_address>
         <run_address>0xe54c</run_address>
         <size>0xc</size>
         <input_file_ref idref="fl-3"/>
      </object_component>
      <object_component id="oc-148">
         <name>.text:RXBufferIsEmpty</name>
         <load_address>0xe558</load_address>
         <run_address>0xe558</run_address>
         <size>0xa</size>
         <input_file_ref idref="fl-b"/>
      </object_component>
      <object_component id="oc-60">
         <name>.text:TIMER1_A0_ISR</name>
         <load_address>0xe562</load_address>
         <run_address>0xe562</run_address>
         <size>0xa</size>
         <input_file_ref idref="fl-2"/>
      </object_component>
      <object_component id="oc-143">
         <name>.text:TXBufferIsEmpty</name>
         <load_address>0xe56c</load_address>
         <run_address>0xe56c</run_address>
         <size>0xa</size>
         <input_file_ref idref="fl-b"/>
      </object_component>
      <object_component id="oc-377">
         <name>.text:SimpleLinkWaitData</name>
         <load_address>0xe576</load_address>
         <run_address>0xe576</run_address>
         <size>0x8</size>
         <input_file_ref idref="fl-10"/>
      </object_component>
      <object_component id="oc-247">
         <name>.text:SpiPauseSpi</name>
         <load_address>0xe57e</load_address>
         <run_address>0xe57e</run_address>
         <size>0x8</size>
         <input_file_ref idref="fl-b"/>
      </object_component>
      <object_component id="oc-3e1">
         <name>.text:SpiResumeSpi</name>
         <load_address>0xe586</load_address>
         <run_address>0xe586</run_address>
         <size>0x8</size>
         <input_file_ref idref="fl-b"/>
      </object_component>
      <object_component id="oc-189">
         <name>.text:WlanInterruptDisable</name>
         <load_address>0xe58e</load_address>
         <run_address>0xe58e</run_address>
         <size>0x8</size>
         <input_file_ref idref="fl-2"/>
      </object_component>
      <object_component id="oc-49">
         <name>.text:decompress:rle24:__TI_decompress_rle24</name>
         <load_address>0xe596</load_address>
         <run_address>0xe596</run_address>
         <size>0x6</size>
         <input_file_ref idref="fl-2b"/>
      </object_component>
      <object_component id="oc-65">
         <name>.text:_system_pre_init</name>
         <load_address>0xe59c</load_address>
         <run_address>0xe59c</run_address>
         <size>0x4</size>
         <input_file_ref idref="fl-37"/>
      </object_component>
      <object_component id="oc-74">
         <name>.text:abort</name>
         <load_address>0xe5a0</load_address>
         <run_address>0xe5a0</run_address>
         <size>0x4</size>
         <input_file_ref idref="fl-31"/>
      </object_component>
      <object_component id="oc-51">
         <name>.text:Trap_ISR</name>
         <load_address>0xe5a4</load_address>
         <run_address>0xe5a4</run_address>
         <size>0x2</size>
         <input_file_ref idref="fl-2"/>
      </object_component>
      <object_component id="oc-271">
         <name>.text:turnLedOff</name>
         <load_address>0xe5a6</load_address>
         <run_address>0xe5a6</run_address>
         <size>0x2</size>
         <input_file_ref idref="fl-2"/>
      </object_component>
      <object_component id="oc-1b1">
         <name>.text:turnLedOn</name>
         <load_address>0xe5a8</load_address>
         <run_address>0xe5a8</run_address>
         <size>0x2</size>
         <input_file_ref idref="fl-2"/>
      </object_component>
      <object_component id="oc-4cd">
         <name>.cinit..data.load</name>
         <load_address>0xe638</load_address>
         <run_address>0xe638</run_address>
         <size>0x2b</size>
      </object_component>
      <object_component id="oc-4ca">
         <name>__TI_handler_table</name>
         <load_address>0xe664</load_address>
         <run_address>0xe664</run_address>
         <size>0x6</size>
      </object_component>
      <object_component id="oc-4cc">
         <name>.cinit..bss.load</name>
         <load_address>0xe66a</load_address>
         <run_address>0xe66a</run_address>
         <size>0x4</size>
      </object_component>
      <object_component id="oc-4cb">
         <name>__TI_cinit_table</name>
         <load_address>0xe66e</load_address>
         <run_address>0xe66e</run_address>
         <size>0x8</size>
      </object_component>
      <object_component id="oc-1bb">
         <name>.const:.string:pucUARTExampleAppString</name>
         <load_address>0xe5aa</load_address>
         <run_address>0xe5aa</run_address>
         <size>0x1d</size>
         <input_file_ref idref="fl-3"/>
      </object_component>
      <object_component id="oc-318">
         <name>.const:.string:pucUARTCommandSmartConfigDoneString</name>
         <load_address>0xe5c8</load_address>
         <run_address>0xe5c8</run_address>
         <size>0x15</size>
         <input_file_ref idref="fl-3"/>
      </object_component>
      <object_component id="oc-1ce">
         <name>.const:.string:pucUARTNoDataString</name>
         <load_address>0xe5de</load_address>
         <run_address>0xe5de</run_address>
         <size>0x14</size>
         <input_file_ref idref="fl-3"/>
      </object_component>
      <object_component id="oc-458">
         <name>.const:.string</name>
         <load_address>0xe5f2</load_address>
         <run_address>0xe5f2</run_address>
         <size>0x14</size>
         <input_file_ref idref="fl-3b"/>
      </object_component>
      <object_component id="oc-1df">
         <name>.const:.string:pucUARTIllegalCommandString</name>
         <load_address>0xe606</load_address>
         <run_address>0xe606</run_address>
         <size>0x13</size>
         <input_file_ref idref="fl-3"/>
      </object_component>
      <object_component id="oc-276">
         <name>.const:.string</name>
         <load_address>0xe61a</load_address>
         <run_address>0xe61a</run_address>
         <size>0x12</size>
         <input_file_ref idref="fl-3"/>
      </object_component>
      <object_component id="oc-216">
         <name>.const:.string:pucUARTCommandDoneString</name>
         <load_address>0xe62c</load_address>
         <run_address>0xe62c</run_address>
         <size>0x8</size>
         <input_file_ref idref="fl-3"/>
      </object_component>
      <object_component id="oc-305">
         <name>.const:.string:aucCC3000_prefix</name>
         <load_address>0xe634</load_address>
         <run_address>0xe634</run_address>
         <size>0x3</size>
         <input_file_ref idref="fl-3"/>
      </object_component>
      <object_component id="oc-2e">
         <name>.int02</name>
         <load_address>0xffe4</load_address>
         <run_address>0xffe4</run_address>
         <size>0x2</size>
         <input_file_ref idref="fl-2"/>
      </object_component>
      <object_component id="oc-2f">
         <name>.int03</name>
         <load_address>0xffe6</load_address>
         <run_address>0xffe6</run_address>
         <size>0x2</size>
         <input_file_ref idref="fl-b"/>
      </object_component>
      <object_component id="oc-30">
         <name>.int05</name>
         <load_address>0xffea</load_address>
         <run_address>0xffea</run_address>
         <size>0x2</size>
         <input_file_ref idref="fl-2"/>
      </object_component>
      <object_component id="oc-31">
         <name>.int06</name>
         <load_address>0xffec</load_address>
         <run_address>0xffec</run_address>
         <size>0x2</size>
         <input_file_ref idref="fl-2"/>
      </object_component>
      <object_component id="oc-32">
         <name>.int07</name>
         <load_address>0xffee</load_address>
         <run_address>0xffee</run_address>
         <size>0x2</size>
         <input_file_ref idref="fl-13"/>
      </object_component>
      <object_component id="oc-33">
         <name>.int08</name>
         <load_address>0xfff0</load_address>
         <run_address>0xfff0</run_address>
         <size>0x2</size>
         <input_file_ref idref="fl-2"/>
      </object_component>
      <object_component id="oc-34">
         <name>.int09</name>
         <load_address>0xfff2</load_address>
         <run_address>0xfff2</run_address>
         <size>0x2</size>
         <input_file_ref idref="fl-2"/>
      </object_component>
      <object_component id="oc-35">
         <name>.int10</name>
         <load_address>0xfff4</load_address>
         <run_address>0xfff4</run_address>
         <size>0x2</size>
         <input_file_ref idref="fl-2"/>
      </object_component>
      <object_component id="oc-36">
         <name>.int11</name>
         <load_address>0xfff6</load_address>
         <run_address>0xfff6</run_address>
         <size>0x2</size>
         <input_file_ref idref="fl-2"/>
      </object_component>
      <object_component id="oc-37">
         <name>.int12</name>
         <load_address>0xfff8</load_address>
         <run_address>0xfff8</run_address>
         <size>0x2</size>
         <input_file_ref idref="fl-2"/>
      </object_component>
      <object_component id="oc-38">
         <name>.int13</name>
         <load_address>0xfffa</load_address>
         <run_address>0xfffa</run_address>
         <size>0x2</size>
         <input_file_ref idref="fl-2"/>
      </object_component>
      <object_component id="oc-39">
         <name>.int14</name>
         <load_address>0xfffc</load_address>
         <run_address>0xfffc</run_address>
         <size>0x2</size>
         <input_file_ref idref="fl-2"/>
      </object_component>
      <object_component id="oc-50">
         <name>.reset</name>
         <load_address>0xfffe</load_address>
         <run_address>0xfffe</run_address>
         <size>0x2</size>
         <input_file_ref idref="fl-29"/>
      </object_component>
      <object_component id="oc-312">
         <name>.common:ulSmartConfigFinished</name>
         <uninitialized>true</uninitialized>
         <run_address>0x2ea</run_address>
         <size>0x4</size>
      </object_component>
      <object_component id="oc-304">
         <name>.common:ulCC3000Connected</name>
         <uninitialized>true</uninitialized>
         <run_address>0x2de</run_address>
         <size>0x4</size>
      </object_component>
      <object_component id="oc-2fb">
         <name>.common:ulCC3000DHCP</name>
         <uninitialized>true</uninitialized>
         <run_address>0x2e2</run_address>
         <size>0x4</size>
      </object_component>
      <object_component id="oc-2fd">
         <name>.common:OkToDoShutDown</name>
         <uninitialized>true</uninitialized>
         <run_address>0x2da</run_address>
         <size>0x4</size>
      </object_component>
      <object_component id="oc-270">
         <name>.common:ulCC3000DHCP_configured</name>
         <uninitialized>true</uninitialized>
         <run_address>0x2e6</run_address>
         <size>0x4</size>
      </object_component>
      <object_component id="oc-268">
         <name>.common:ucStopSmartConfig</name>
         <uninitialized>true</uninitialized>
         <run_address>0x2f3</run_address>
         <size>0x1</size>
      </object_component>
      <object_component id="oc-219">
         <name>.common:ulSocket</name>
         <uninitialized>true</uninitialized>
         <run_address>0x2ee</run_address>
         <size>0x4</size>
      </object_component>
      <object_component id="oc-277">
         <name>.common:pucCC3000_Rx_Buffer</name>
         <uninitialized>true</uninitialized>
         <run_address>0x296</run_address>
         <size>0x1c</size>
      </object_component>
      <object_component id="oc-42c">
         <name>.common:sSpiInformation</name>
         <uninitialized>true</uninitialized>
         <run_address>0x2cc</run_address>
         <size>0xe</size>
      </object_component>
      <object_component id="oc-369">
         <name>.common:spi_buffer</name>
         <uninitialized>true</uninitialized>
         <run_address>0x26a</run_address>
         <size>0x2c</size>
      </object_component>
      <object_component id="oc-3b9">
         <name>.common:wlan_tx_buffer</name>
         <uninitialized>true</uninitialized>
         <run_address>0x200</run_address>
         <size>0x3c</size>
      </object_component>
      <object_component id="oc-470">
         <name>.common:tSLInformation</name>
         <uninitialized>true</uninitialized>
         <run_address>0x23c</run_address>
         <size>0x2e</size>
      </object_component>
      <object_component id="oc-260">
         <name>.common:g_ucUARTBuffer</name>
         <uninitialized>true</uninitialized>
         <run_address>0x2b2</run_address>
         <size>0x1a</size>
      </object_component>
      <object_component id="oc-25f">
         <name>.common:g_ucLength</name>
         <uninitialized>true</uninitialized>
         <run_address>0x2f2</run_address>
         <size>0x1</size>
      </object_component>
      <object_component id="oc-ca">
         <name>.data</name>
         <load_address>0x31a</load_address>
         <run_address>0x31a</run_address>
         <size>0x2</size>
         <input_file_ref idref="fl-13"/>
      </object_component>
      <object_component id="oc-f8">
         <name>.data:device_name</name>
         <load_address>0x2f4</load_address>
         <run_address>0x2f4</run_address>
         <size>0xf</size>
         <input_file_ref idref="fl-3"/>
      </object_component>
      <object_component id="oc-109">
         <name>.data</name>
         <load_address>0x303</load_address>
         <run_address>0x303</run_address>
         <size>0x1</size>
         <input_file_ref idref="fl-3"/>
      </object_component>
      <object_component id="oc-23b">
         <name>.data:tSpiReadHeader</name>
         <load_address>0x310</load_address>
         <run_address>0x310</run_address>
         <size>0x5</size>
         <input_file_ref idref="fl-b"/>
      </object_component>
      <object_component id="oc-2c1">
         <name>.data:digits</name>
         <load_address>0x304</load_address>
         <run_address>0x304</run_address>
         <size>0xb</size>
         <input_file_ref idref="fl-3"/>
      </object_component>
      <object_component id="oc-2dd">
         <name>.data</name>
         <load_address>0x31c</load_address>
         <run_address>0x31c</run_address>
         <size>0x2</size>
         <input_file_ref idref="fl-30"/>
      </object_component>
      <object_component id="oc-39e">
         <name>.data</name>
         <load_address>0x316</load_address>
         <run_address>0x316</run_address>
         <size>0x4</size>
         <input_file_ref idref="fl-10"/>
      </object_component>
      <object_component id="oc-3b">
         <name>.debug_info</name>
         <load_address>0x0</load_address>
         <run_address>0x0</run_address>
         <size>0x125</size>
         <input_file_ref idref="fl-29"/>
      </object_component>
      <object_component id="oc-40">
         <name>.debug_info</name>
         <load_address>0x125</load_address>
         <run_address>0x125</run_address>
         <size>0x194</size>
         <input_file_ref idref="fl-2a"/>
      </object_component>
      <object_component id="oc-45">
         <name>.debug_info</name>
         <load_address>0x2b9</load_address>
         <run_address>0x2b9</run_address>
         <size>0x16a</size>
         <input_file_ref idref="fl-2c"/>
      </object_component>
      <object_component id="oc-4a">
         <name>.debug_info</name>
         <load_address>0x423</load_address>
         <run_address>0x423</run_address>
         <size>0x18e</size>
         <input_file_ref idref="fl-2b"/>
      </object_component>
      <object_component id="oc-4f">
         <name>.debug_info</name>
         <load_address>0x5b1</load_address>
         <run_address>0x5b1</run_address>
         <size>0xaa</size>
         <input_file_ref idref="fl-29"/>
      </object_component>
      <object_component id="oc-52">
         <name>.debug_info</name>
         <load_address>0x65b</load_address>
         <run_address>0x65b</run_address>
         <size>0x2b0</size>
         <input_file_ref idref="fl-2"/>
      </object_component>
      <object_component id="oc-57">
         <name>.debug_info</name>
         <load_address>0x90b</load_address>
         <run_address>0x90b</run_address>
         <size>0x2e8</size>
         <input_file_ref idref="fl-b"/>
      </object_component>
      <object_component id="oc-5e">
         <name>.debug_info</name>
         <load_address>0xbf3</load_address>
         <run_address>0xbf3</run_address>
         <size>0x2e7</size>
         <input_file_ref idref="fl-13"/>
      </object_component>
      <object_component id="oc-61">
         <name>.debug_info</name>
         <load_address>0xeda</load_address>
         <run_address>0xeda</run_address>
         <size>0x2c5</size>
         <input_file_ref idref="fl-2"/>
      </object_component>
      <object_component id="oc-66">
         <name>.debug_info</name>
         <load_address>0x119f</load_address>
         <run_address>0x119f</run_address>
         <size>0xfd</size>
         <input_file_ref idref="fl-37"/>
      </object_component>
      <object_component id="oc-6b">
         <name>.debug_info</name>
         <load_address>0x129c</load_address>
         <run_address>0x129c</run_address>
         <size>0x14d</size>
         <input_file_ref idref="fl-3d"/>
      </object_component>
      <object_component id="oc-70">
         <name>.debug_info</name>
         <load_address>0x13e9</load_address>
         <run_address>0x13e9</run_address>
         <size>0x3c2</size>
         <input_file_ref idref="fl-3"/>
      </object_component>
      <object_component id="oc-75">
         <name>.debug_info</name>
         <load_address>0x17ab</load_address>
         <run_address>0x17ab</run_address>
         <size>0xcc</size>
         <input_file_ref idref="fl-31"/>
      </object_component>
      <object_component id="oc-7b">
         <name>.debug_info</name>
         <load_address>0x1877</load_address>
         <run_address>0x1877</run_address>
         <size>0x157</size>
         <input_file_ref idref="fl-35"/>
      </object_component>
      <object_component id="oc-80">
         <name>.debug_info</name>
         <load_address>0x19ce</load_address>
         <run_address>0x19ce</run_address>
         <size>0x46</size>
         <input_file_ref idref="fl-2a"/>
      </object_component>
      <object_component id="oc-85">
         <name>.debug_info</name>
         <load_address>0x1a14</load_address>
         <run_address>0x1a14</run_address>
         <size>0x164</size>
         <input_file_ref idref="fl-2a"/>
      </object_component>
      <object_component id="oc-87">
         <name>.debug_info</name>
         <load_address>0x1b78</load_address>
         <run_address>0x1b78</run_address>
         <size>0x46</size>
         <input_file_ref idref="fl-2c"/>
      </object_component>
      <object_component id="oc-8c">
         <name>.debug_info</name>
         <load_address>0x1bbe</load_address>
         <run_address>0x1bbe</run_address>
         <size>0x11f</size>
         <input_file_ref idref="fl-2c"/>
      </object_component>
      <object_component id="oc-8e">
         <name>.debug_info</name>
         <load_address>0x1cdd</load_address>
         <run_address>0x1cdd</run_address>
         <size>0x1e9</size>
         <input_file_ref idref="fl-2b"/>
      </object_component>
      <object_component id="oc-93">
         <name>.debug_info</name>
         <load_address>0x1ec6</load_address>
         <run_address>0x1ec6</run_address>
         <size>0x129</size>
         <input_file_ref idref="fl-2b"/>
      </object_component>
      <object_component id="oc-94">
         <name>.debug_info</name>
         <load_address>0x1fef</load_address>
         <run_address>0x1fef</run_address>
         <size>0x39</size>
         <input_file_ref idref="fl-2b"/>
      </object_component>
      <object_component id="oc-9b">
         <name>.debug_info</name>
         <load_address>0x2028</load_address>
         <run_address>0x2028</run_address>
         <size>0x84</size>
         <input_file_ref idref="fl-2"/>
      </object_component>
      <object_component id="oc-a2">
         <name>.debug_info</name>
         <load_address>0x20ac</load_address>
         <run_address>0x20ac</run_address>
         <size>0x5a8</size>
         <input_file_ref idref="fl-b"/>
      </object_component>
      <object_component id="oc-a7">
         <name>.debug_info</name>
         <load_address>0x2654</load_address>
         <run_address>0x2654</run_address>
         <size>0x316</size>
         <input_file_ref idref="fl-b"/>
      </object_component>
      <object_component id="oc-af">
         <name>.debug_info</name>
         <load_address>0x296a</load_address>
         <run_address>0x296a</run_address>
         <size>0x2aa</size>
         <input_file_ref idref="fl-b"/>
      </object_component>
      <object_component id="oc-b6">
         <name>.debug_info</name>
         <load_address>0x2c14</load_address>
         <run_address>0x2c14</run_address>
         <size>0x2d4</size>
         <input_file_ref idref="fl-b"/>
      </object_component>
      <object_component id="oc-be">
         <name>.debug_info</name>
         <load_address>0x2ee8</load_address>
         <run_address>0x2ee8</run_address>
         <size>0x476</size>
         <input_file_ref idref="fl-13"/>
      </object_component>
      <object_component id="oc-c1">
         <name>.debug_info</name>
         <load_address>0x335e</load_address>
         <run_address>0x335e</run_address>
         <size>0x183</size>
         <input_file_ref idref="fl-36"/>
      </object_component>
      <object_component id="oc-cb">
         <name>.debug_info</name>
         <load_address>0x34e1</load_address>
         <run_address>0x34e1</run_address>
         <size>0x1ae</size>
         <input_file_ref idref="fl-13"/>
      </object_component>
      <object_component id="oc-d0">
         <name>.debug_info</name>
         <load_address>0x368f</load_address>
         <run_address>0x368f</run_address>
         <size>0xe1</size>
         <input_file_ref idref="fl-2f"/>
      </object_component>
      <object_component id="oc-d4">
         <name>.debug_info</name>
         <load_address>0x3770</load_address>
         <run_address>0x3770</run_address>
         <size>0x2ba</size>
         <input_file_ref idref="fl-3d"/>
      </object_component>
      <object_component id="oc-d6">
         <name>.debug_info</name>
         <load_address>0x3a2a</load_address>
         <run_address>0x3a2a</run_address>
         <size>0xca3</size>
         <input_file_ref idref="fl-3"/>
      </object_component>
      <object_component id="oc-df">
         <name>.debug_info</name>
         <load_address>0x46cd</load_address>
         <run_address>0x46cd</run_address>
         <size>0x466</size>
         <input_file_ref idref="fl-3"/>
      </object_component>
      <object_component id="oc-e4">
         <name>.debug_info</name>
         <load_address>0x4b33</load_address>
         <run_address>0x4b33</run_address>
         <size>0x2d2</size>
         <input_file_ref idref="fl-2"/>
      </object_component>
      <object_component id="oc-ea">
         <name>.debug_info</name>
         <load_address>0x4e05</load_address>
         <run_address>0x4e05</run_address>
         <size>0x777</size>
         <input_file_ref idref="fl-3"/>
      </object_component>
      <object_component id="oc-ef">
         <name>.debug_info</name>
         <load_address>0x557c</load_address>
         <run_address>0x557c</run_address>
         <size>0x2ca</size>
         <input_file_ref idref="fl-2"/>
      </object_component>
      <object_component id="oc-f9">
         <name>.debug_info</name>
         <load_address>0x5846</load_address>
         <run_address>0x5846</run_address>
         <size>0x1b8</size>
         <input_file_ref idref="fl-3"/>
      </object_component>
      <object_component id="oc-fb">
         <name>.debug_info</name>
         <load_address>0x59fe</load_address>
         <run_address>0x59fe</run_address>
         <size>0x153</size>
         <input_file_ref idref="fl-39"/>
      </object_component>
      <object_component id="oc-100">
         <name>.debug_info</name>
         <load_address>0x5b51</load_address>
         <run_address>0x5b51</run_address>
         <size>0x46f</size>
         <input_file_ref idref="fl-d"/>
      </object_component>
      <object_component id="oc-10a">
         <name>.debug_info</name>
         <load_address>0x5fc0</load_address>
         <run_address>0x5fc0</run_address>
         <size>0x1b4</size>
         <input_file_ref idref="fl-3"/>
      </object_component>
      <object_component id="oc-10f">
         <name>.debug_info</name>
         <load_address>0x6174</load_address>
         <run_address>0x6174</run_address>
         <size>0x33e</size>
         <input_file_ref idref="fl-13"/>
      </object_component>
      <object_component id="oc-116">
         <name>.debug_info</name>
         <load_address>0x64b2</load_address>
         <run_address>0x64b2</run_address>
         <size>0x127</size>
         <input_file_ref idref="fl-35"/>
      </object_component>
      <object_component id="oc-117">
         <name>.debug_info</name>
         <load_address>0x65d9</load_address>
         <run_address>0x65d9</run_address>
         <size>0x2c</size>
         <input_file_ref idref="fl-c"/>
      </object_component>
      <object_component id="oc-11c">
         <name>.debug_info</name>
         <load_address>0x6605</load_address>
         <run_address>0x6605</run_address>
         <size>0x2c</size>
         <input_file_ref idref="fl-2a"/>
      </object_component>
      <object_component id="oc-12a">
         <name>.debug_info</name>
         <load_address>0x6631</load_address>
         <run_address>0x6631</run_address>
         <size>0x298</size>
         <input_file_ref idref="fl-2"/>
      </object_component>
      <object_component id="oc-12f">
         <name>.debug_info</name>
         <load_address>0x68c9</load_address>
         <run_address>0x68c9</run_address>
         <size>0x39</size>
         <input_file_ref idref="fl-3"/>
      </object_component>
      <object_component id="oc-134">
         <name>.debug_info</name>
         <load_address>0x6902</load_address>
         <run_address>0x6902</run_address>
         <size>0x141</size>
         <input_file_ref idref="fl-2"/>
      </object_component>
      <object_component id="oc-139">
         <name>.debug_info</name>
         <load_address>0x6a43</load_address>
         <run_address>0x6a43</run_address>
         <size>0xae</size>
         <input_file_ref idref="fl-b"/>
      </object_component>
      <object_component id="oc-13e">
         <name>.debug_info</name>
         <load_address>0x6af1</load_address>
         <run_address>0x6af1</run_address>
         <size>0x110</size>
         <input_file_ref idref="fl-2"/>
      </object_component>
      <object_component id="oc-144">
         <name>.debug_info</name>
         <load_address>0x6c01</load_address>
         <run_address>0x6c01</run_address>
         <size>0x29a</size>
         <input_file_ref idref="fl-b"/>
      </object_component>
      <object_component id="oc-149">
         <name>.debug_info</name>
         <load_address>0x6e9b</load_address>
         <run_address>0x6e9b</run_address>
         <size>0x29a</size>
         <input_file_ref idref="fl-b"/>
      </object_component>
      <object_component id="oc-150">
         <name>.debug_info</name>
         <load_address>0x7135</load_address>
         <run_address>0x7135</run_address>
         <size>0x324</size>
         <input_file_ref idref="fl-b"/>
      </object_component>
      <object_component id="oc-156">
         <name>.debug_info</name>
         <load_address>0x7459</load_address>
         <run_address>0x7459</run_address>
         <size>0x354</size>
         <input_file_ref idref="fl-b"/>
      </object_component>
      <object_component id="oc-15b">
         <name>.debug_info</name>
         <load_address>0x77ad</load_address>
         <run_address>0x77ad</run_address>
         <size>0x2b7</size>
         <input_file_ref idref="fl-b"/>
      </object_component>
      <object_component id="oc-163">
         <name>.debug_info</name>
         <load_address>0x7a64</load_address>
         <run_address>0x7a64</run_address>
         <size>0x117</size>
         <input_file_ref idref="fl-36"/>
      </object_component>
      <object_component id="oc-169">
         <name>.debug_info</name>
         <load_address>0x7b7b</load_address>
         <run_address>0x7b7b</run_address>
         <size>0x39</size>
         <input_file_ref idref="fl-3d"/>
      </object_component>
      <object_component id="oc-171">
         <name>.debug_info</name>
         <load_address>0x7bb4</load_address>
         <run_address>0x7bb4</run_address>
         <size>0x2db</size>
         <input_file_ref idref="fl-2"/>
      </object_component>
      <object_component id="oc-176">
         <name>.debug_info</name>
         <load_address>0x7e8f</load_address>
         <run_address>0x7e8f</run_address>
         <size>0x28a</size>
         <input_file_ref idref="fl-b"/>
      </object_component>
      <object_component id="oc-17c">
         <name>.debug_info</name>
         <load_address>0x8119</load_address>
         <run_address>0x8119</run_address>
         <size>0x2e8</size>
         <input_file_ref idref="fl-13"/>
      </object_component>
      <object_component id="oc-180">
         <name>.debug_info</name>
         <load_address>0x8401</load_address>
         <run_address>0x8401</run_address>
         <size>0x2d3</size>
         <input_file_ref idref="fl-2"/>
      </object_component>
      <object_component id="oc-185">
         <name>.debug_info</name>
         <load_address>0x86d4</load_address>
         <run_address>0x86d4</run_address>
         <size>0x2cd</size>
         <input_file_ref idref="fl-2"/>
      </object_component>
      <object_component id="oc-18a">
         <name>.debug_info</name>
         <load_address>0x89a1</load_address>
         <run_address>0x89a1</run_address>
         <size>0x2cf</size>
         <input_file_ref idref="fl-2"/>
      </object_component>
      <object_component id="oc-18f">
         <name>.debug_info</name>
         <load_address>0x8c70</load_address>
         <run_address>0x8c70</run_address>
         <size>0x2e3</size>
         <input_file_ref idref="fl-2"/>
      </object_component>
      <object_component id="oc-194">
         <name>.debug_info</name>
         <load_address>0x8f53</load_address>
         <run_address>0x8f53</run_address>
         <size>0x3dd</size>
         <input_file_ref idref="fl-3"/>
      </object_component>
      <object_component id="oc-199">
         <name>.debug_info</name>
         <load_address>0x9330</load_address>
         <run_address>0x9330</run_address>
         <size>0x325</size>
         <input_file_ref idref="fl-3"/>
      </object_component>
      <object_component id="oc-19e">
         <name>.debug_info</name>
         <load_address>0x9655</load_address>
         <run_address>0x9655</run_address>
         <size>0x329</size>
         <input_file_ref idref="fl-3"/>
      </object_component>
      <object_component id="oc-1a3">
         <name>.debug_info</name>
         <load_address>0x997e</load_address>
         <run_address>0x997e</run_address>
         <size>0x331</size>
         <input_file_ref idref="fl-3"/>
      </object_component>
      <object_component id="oc-1a8">
         <name>.debug_info</name>
         <load_address>0x9caf</load_address>
         <run_address>0x9caf</run_address>
         <size>0x526</size>
         <input_file_ref idref="fl-c"/>
      </object_component>
      <object_component id="oc-1ad">
         <name>.debug_info</name>
         <load_address>0xa1d5</load_address>
         <run_address>0xa1d5</run_address>
         <size>0x3b9</size>
         <input_file_ref idref="fl-c"/>
      </object_component>
      <object_component id="oc-1b2">
         <name>.debug_info</name>
         <load_address>0xa58e</load_address>
         <run_address>0xa58e</run_address>
         <size>0x2d1</size>
         <input_file_ref idref="fl-2"/>
      </object_component>
      <object_component id="oc-1b7">
         <name>.debug_info</name>
         <load_address>0xa85f</load_address>
         <run_address>0xa85f</run_address>
         <size>0x35a</size>
         <input_file_ref idref="fl-c"/>
      </object_component>
      <object_component id="oc-1bc">
         <name>.debug_info</name>
         <load_address>0xabb9</load_address>
         <run_address>0xabb9</run_address>
         <size>0x1d0</size>
         <input_file_ref idref="fl-3"/>
      </object_component>
      <object_component id="oc-1be">
         <name>.debug_info</name>
         <load_address>0xad89</load_address>
         <run_address>0xad89</run_address>
         <size>0x3bc</size>
         <input_file_ref idref="fl-3"/>
      </object_component>
      <object_component id="oc-1c9">
         <name>.debug_info</name>
         <load_address>0xb145</load_address>
         <run_address>0xb145</run_address>
         <size>0x3a6</size>
         <input_file_ref idref="fl-d"/>
      </object_component>
      <object_component id="oc-1cf">
         <name>.debug_info</name>
         <load_address>0xb4eb</load_address>
         <run_address>0xb4eb</run_address>
         <size>0x1c8</size>
         <input_file_ref idref="fl-3"/>
      </object_component>
      <object_component id="oc-1d1">
         <name>.debug_info</name>
         <load_address>0xb6b3</load_address>
         <run_address>0xb6b3</run_address>
         <size>0x364</size>
         <input_file_ref idref="fl-3"/>
      </object_component>
      <object_component id="oc-1d6">
         <name>.debug_info</name>
         <load_address>0xba17</load_address>
         <run_address>0xba17</run_address>
         <size>0x36e</size>
         <input_file_ref idref="fl-3"/>
      </object_component>
      <object_component id="oc-1db">
         <name>.debug_info</name>
         <load_address>0xbd85</load_address>
         <run_address>0xbd85</run_address>
         <size>0x397</size>
         <input_file_ref idref="fl-d"/>
      </object_component>
      <object_component id="oc-1e0">
         <name>.debug_info</name>
         <load_address>0xc11c</load_address>
         <run_address>0xc11c</run_address>
         <size>0x1d8</size>
         <input_file_ref idref="fl-3"/>
      </object_component>
      <object_component id="oc-1e2">
         <name>.debug_info</name>
         <load_address>0xc2f4</load_address>
         <run_address>0xc2f4</run_address>
         <size>0x4bd</size>
         <input_file_ref idref="fl-c"/>
      </object_component>
      <object_component id="oc-1e7">
         <name>.debug_info</name>
         <load_address>0xc7b1</load_address>
         <run_address>0xc7b1</run_address>
         <size>0x305</size>
         <input_file_ref idref="fl-c"/>
      </object_component>
      <object_component id="oc-1ec">
         <name>.debug_info</name>
         <load_address>0xcab6</load_address>
         <run_address>0xcab6</run_address>
         <size>0x42c</size>
         <input_file_ref idref="fl-e"/>
      </object_component>
      <object_component id="oc-1f1">
         <name>.debug_info</name>
         <load_address>0xcee2</load_address>
         <run_address>0xcee2</run_address>
         <size>0x356</size>
         <input_file_ref idref="fl-d"/>
      </object_component>
      <object_component id="oc-1f8">
         <name>.debug_info</name>
         <load_address>0xd238</load_address>
         <run_address>0xd238</run_address>
         <size>0x3ad</size>
         <input_file_ref idref="fl-d"/>
      </object_component>
      <object_component id="oc-201">
         <name>.debug_info</name>
         <load_address>0xd5e5</load_address>
         <run_address>0xd5e5</run_address>
         <size>0x403</size>
         <input_file_ref idref="fl-d"/>
      </object_component>
      <object_component id="oc-208">
         <name>.debug_info</name>
         <load_address>0xd9e8</load_address>
         <run_address>0xd9e8</run_address>
         <size>0x33f</size>
         <input_file_ref idref="fl-3"/>
      </object_component>
      <object_component id="oc-20d">
         <name>.debug_info</name>
         <load_address>0xdd27</load_address>
         <run_address>0xdd27</run_address>
         <size>0x403</size>
         <input_file_ref idref="fl-c"/>
      </object_component>
      <object_component id="oc-212">
         <name>.debug_info</name>
         <load_address>0xe12a</load_address>
         <run_address>0xe12a</run_address>
         <size>0x4a5</size>
         <input_file_ref idref="fl-3"/>
      </object_component>
      <object_component id="oc-217">
         <name>.debug_info</name>
         <load_address>0xe5cf</load_address>
         <run_address>0xe5cf</run_address>
         <size>0x1d2</size>
         <input_file_ref idref="fl-3"/>
      </object_component>
      <object_component id="oc-21f">
         <name>.debug_info</name>
         <load_address>0xe7a1</load_address>
         <run_address>0xe7a1</run_address>
         <size>0x111</size>
         <input_file_ref idref="fl-39"/>
      </object_component>
      <object_component id="oc-221">
         <name>.debug_info</name>
         <load_address>0xe8b2</load_address>
         <run_address>0xe8b2</run_address>
         <size>0x525</size>
         <input_file_ref idref="fl-c"/>
      </object_component>
      <object_component id="oc-224">
         <name>.debug_info</name>
         <load_address>0xedd7</load_address>
         <run_address>0xedd7</run_address>
         <size>0x327</size>
         <input_file_ref idref="fl-11"/>
      </object_component>
      <object_component id="oc-229">
         <name>.debug_info</name>
         <load_address>0xf0fe</load_address>
         <run_address>0xf0fe</run_address>
         <size>0x38a</size>
         <input_file_ref idref="fl-f"/>
      </object_component>
      <object_component id="oc-22d">
         <name>.debug_info</name>
         <load_address>0xf488</load_address>
         <run_address>0xf488</run_address>
         <size>0x350</size>
         <input_file_ref idref="fl-10"/>
      </object_component>
      <object_component id="oc-232">
         <name>.debug_info</name>
         <load_address>0xf7d8</load_address>
         <run_address>0xf7d8</run_address>
         <size>0x583</size>
         <input_file_ref idref="fl-d"/>
      </object_component>
      <object_component id="oc-238">
         <name>.debug_info</name>
         <load_address>0xfd5b</load_address>
         <run_address>0xfd5b</run_address>
         <size>0x786</size>
         <input_file_ref idref="fl-2"/>
      </object_component>
      <object_component id="oc-23c">
         <name>.debug_info</name>
         <load_address>0x104e1</load_address>
         <run_address>0x104e1</run_address>
         <size>0x195</size>
         <input_file_ref idref="fl-b"/>
      </object_component>
      <object_component id="oc-243">
         <name>.debug_info</name>
         <load_address>0x10676</load_address>
         <run_address>0x10676</run_address>
         <size>0x313</size>
         <input_file_ref idref="fl-11"/>
      </object_component>
      <object_component id="oc-248">
         <name>.debug_info</name>
         <load_address>0x10989</load_address>
         <run_address>0x10989</run_address>
         <size>0x28e</size>
         <input_file_ref idref="fl-b"/>
      </object_component>
      <object_component id="oc-254">
         <name>.debug_info</name>
         <load_address>0x10c17</load_address>
         <run_address>0x10c17</run_address>
         <size>0x2b8</size>
         <input_file_ref idref="fl-2"/>
      </object_component>
      <object_component id="oc-259">
         <name>.debug_info</name>
         <load_address>0x10ecf</load_address>
         <run_address>0x10ecf</run_address>
         <size>0x2c5</size>
         <input_file_ref idref="fl-2"/>
      </object_component>
      <object_component id="oc-272">
         <name>.debug_info</name>
         <load_address>0x11194</load_address>
         <run_address>0x11194</run_address>
         <size>0x2d3</size>
         <input_file_ref idref="fl-2"/>
      </object_component>
      <object_component id="oc-279">
         <name>.debug_info</name>
         <load_address>0x11467</load_address>
         <run_address>0x11467</run_address>
         <size>0x17d</size>
         <input_file_ref idref="fl-38"/>
      </object_component>
      <object_component id="oc-2a1">
         <name>.debug_info</name>
         <load_address>0x115e4</load_address>
         <run_address>0x115e4</run_address>
         <size>0x303</size>
         <input_file_ref idref="fl-c"/>
      </object_component>
      <object_component id="oc-2a6">
         <name>.debug_info</name>
         <load_address>0x118e7</load_address>
         <run_address>0x118e7</run_address>
         <size>0x2e2</size>
         <input_file_ref idref="fl-b"/>
      </object_component>
      <object_component id="oc-2b0">
         <name>.debug_info</name>
         <load_address>0x11bc9</load_address>
         <run_address>0x11bc9</run_address>
         <size>0x366</size>
         <input_file_ref idref="fl-c"/>
      </object_component>
      <object_component id="oc-2be">
         <name>.debug_info</name>
         <load_address>0x11f2f</load_address>
         <run_address>0x11f2f</run_address>
         <size>0xe8</size>
         <input_file_ref idref="fl-2d"/>
      </object_component>
      <object_component id="oc-2c2">
         <name>.debug_info</name>
         <load_address>0x12017</load_address>
         <run_address>0x12017</run_address>
         <size>0x1ae</size>
         <input_file_ref idref="fl-3"/>
      </object_component>
      <object_component id="oc-2c5">
         <name>.debug_info</name>
         <load_address>0x121c5</load_address>
         <run_address>0x121c5</run_address>
         <size>0x4b0</size>
         <input_file_ref idref="fl-d"/>
      </object_component>
      <object_component id="oc-2cd">
         <name>.debug_info</name>
         <load_address>0x12675</load_address>
         <run_address>0x12675</run_address>
         <size>0xd3</size>
         <input_file_ref idref="fl-32"/>
      </object_component>
      <object_component id="oc-2d3">
         <name>.debug_info</name>
         <load_address>0x12748</load_address>
         <run_address>0x12748</run_address>
         <size>0x59c</size>
         <input_file_ref idref="fl-d"/>
      </object_component>
      <object_component id="oc-2de">
         <name>.debug_info</name>
         <load_address>0x12ce4</load_address>
         <run_address>0x12ce4</run_address>
         <size>0xaa</size>
         <input_file_ref idref="fl-30"/>
      </object_component>
      <object_component id="oc-2e2">
         <name>.debug_info</name>
         <load_address>0x12d8e</load_address>
         <run_address>0x12d8e</run_address>
         <size>0x40e</size>
         <input_file_ref idref="fl-e"/>
      </object_component>
      <object_component id="oc-2e6">
         <name>.debug_info</name>
         <load_address>0x1319c</load_address>
         <run_address>0x1319c</run_address>
         <size>0x35b</size>
         <input_file_ref idref="fl-10"/>
      </object_component>
      <object_component id="oc-2f2">
         <name>.debug_info</name>
         <load_address>0x134f7</load_address>
         <run_address>0x134f7</run_address>
         <size>0x307</size>
         <input_file_ref idref="fl-11"/>
      </object_component>
      <object_component id="oc-2ff">
         <name>.debug_info</name>
         <load_address>0x137fe</load_address>
         <run_address>0x137fe</run_address>
         <size>0x364</size>
         <input_file_ref idref="fl-c"/>
      </object_component>
      <object_component id="oc-306">
         <name>.debug_info</name>
         <load_address>0x13b62</load_address>
         <run_address>0x13b62</run_address>
         <size>0x1c2</size>
         <input_file_ref idref="fl-3"/>
      </object_component>
      <object_component id="oc-308">
[...]
      </symbol>
      <symbol id="sm-378">
         <name>simple_link_send</name>
         <value>0xc870</value>
         <object_component_ref idref="oc-2d2"/>
      </symbol>
      <symbol id="sm-379">
         <name>sendto</name>
         <value>0xdba6</value>
         <object_component_ref idref="oc-1da"/>
      </symbol>
      <symbol id="sm-37a">
         <name>simple_link_recv</name>
         <value>0xd2aa</value>
         <object_component_ref idref="oc-2c4"/>
      </symbol>
      <symbol id="sm-37b">
         <name>HostFlowControlConsumeBuff</name>
         <value>0xdc48</value>
         <object_component_ref idref="oc-383"/>
      </symbol>
      <symbol id="sm-37c">
         <name>closesocket</name>
         <value>0xda4e</value>
         <object_component_ref idref="oc-1f0"/>
      </symbol>
      <symbol id="sm-38b">
         <name>netapp_dhcp</name>
         <value>0xd4c8</value>
         <object_component_ref idref="oc-1eb"/>
      </symbol>
      <symbol id="sm-3a8">
         <name>hci_data_send</name>
         <value>0xde4c</value>
         <object_component_ref idref="oc-38b"/>
      </symbol>
      <symbol id="sm-3a9">
         <name>hci_command_send</name>
         <value>0xe170</value>
         <object_component_ref idref="oc-227"/>
      </symbol>
      <symbol id="sm-3aa">
         <name>hci_patch_send</name>
         <value>0xcd0a</value>
         <object_component_ref idref="oc-452"/>
      </symbol>
      <symbol id="sm-449">
         <name>hci_unsolicited_event_handler</name>
         <value>0xe078</value>
         <object_component_ref idref="oc-359"/>
      </symbol>
      <symbol id="sm-44a">
         <name>hci_unsol_handle_patch_request</name>
         <value>0xd448</value>
         <object_component_ref idref="oc-3e6"/>
      </symbol>
      <symbol id="sm-44b">
         <name>SimpleLinkWaitEvent</name>
         <value>0xe486</value>
         <object_component_ref idref="oc-22c"/>
      </symbol>
      <symbol id="sm-44c">
         <name>socket_active_status</name>
         <value>0x316</value>
         <object_component_ref idref="oc-39e"/>
      </symbol>
      <symbol id="sm-44d">
         <name>hci_event_handler</name>
         <value>0xc374</value>
         <object_component_ref idref="oc-32f"/>
      </symbol>
      <symbol id="sm-44e">
         <name>hci_unsol_event_handler</name>
         <value>0xc672</value>
         <object_component_ref idref="oc-3d7"/>
      </symbol>
      <symbol id="sm-44f">
         <name>get_socket_active_status</name>
         <value>0xdece</value>
         <object_component_ref idref="oc-41b"/>
      </symbol>
      <symbol id="sm-450">
         <name>SimpleLinkWaitData</name>
         <value>0xe576</value>
         <object_component_ref idref="oc-377"/>
      </symbol>
      <symbol id="sm-451">
         <name>set_socket_active_status</name>
         <value>0xd81c</value>
         <object_component_ref idref="oc-2e4"/>
      </symbol>
      <symbol id="sm-46e">
         <name>UINT32_TO_STREAM_f</name>
         <value>0xe2a2</value>
         <object_component_ref idref="oc-222"/>
      </symbol>
      <symbol id="sm-46f">
         <name>UINT16_TO_STREAM_f</name>
         <value>0xe496</value>
         <object_component_ref idref="oc-2f0"/>
      </symbol>
      <symbol id="sm-470">
         <name>STREAM_TO_UINT32_f</name>
         <value>0xe0e2</value>
         <object_component_ref idref="oc-3d1"/>
      </symbol>
      <symbol id="sm-471">
         <name>STREAM_TO_UINT16_f</name>
         <value>0xe476</value>
         <object_component_ref idref="oc-241"/>
      </symbol>
      <symbol id="sm-494">
         <name>g_ucUARTBuffer</name>
         <value>0x2b2</value>
      </symbol>
      <symbol id="sm-495">
         <name>g_ucLength</name>
         <value>0x2f2</value>
      </symbol>
      <symbol id="sm-496">
         <name>__TI_int07</name>
         <value>0xffee</value>
         <object_component_ref idref="oc-32"/>
      </symbol>
      <symbol id="sm-497">
         <name>USCI_A0_ISR</name>
         <value>0xd75c</value>
         <object_component_ref idref="oc-5b"/>
      </symbol>
      <symbol id="sm-498">
         <name>DispatcherUARTConfigure</name>
         <value>0xde8e</value>
         <object_component_ref idref="oc-17a"/>
      </symbol>
      <symbol id="sm-499">
         <name>uart_have_cmd</name>
         <value>0x31a</value>
         <object_component_ref idref="oc-ca"/>
      </symbol>
      <symbol id="sm-49a">
         <name>DispatcherUartSendPacket</name>
         <value>0xe3de</value>
         <object_component_ref idref="oc-10d"/>
      </symbol>
      <symbol id="sm-4a8">
         <name>_c_int00_noexit</name>
         <value>0xe34e</value>
         <object_component_ref idref="oc-3a"/>
      </symbol>
      <symbol id="sm-4a9">
         <name>_c_int00</name>
         <value>0xe34e</value>
         <object_component_ref idref="oc-3a"/>
      </symbol>
      <symbol id="sm-4aa">
         <name>_stack</name>
         <value>0x338</value>
         <object_component_ref idref="oc-4e"/>
      </symbol>
      <symbol id="sm-4ab">
         <name>_reset_vector</name>
         <value>0xfffe</value>
         <object_component_ref idref="oc-50"/>
      </symbol>
      <symbol id="sm-4c0">
         <name>__TI_decompress_none</name>
         <value>0xe452</value>
         <object_component_ref idref="oc-3f"/>
      </symbol>
      <symbol id="sm-4e0">
         <name>__TI_decompress_rle24</name>
         <value>0xe596</value>
         <object_component_ref idref="oc-49"/>
      </symbol>
      <symbol id="sm-4f2">
         <name>__TI_zero_init</name>
         <value>0xe3f2</value>
         <object_component_ref idref="oc-44"/>
      </symbol>
      <symbol id="sm-4fd">
         <name>__mspabi_remi</name>
         <value>0xe1cc</value>
         <object_component_ref idref="oc-2bd"/>
      </symbol>
      <symbol id="sm-4fe">
         <name>__mspabi_divi</name>
         <value>0xe1cc</value>
         <object_component_ref idref="oc-2bd"/>
      </symbol>
      <symbol id="sm-507">
         <name>__mspabi_remu</name>
         <value>0xe3c8</value>
         <object_component_ref idref="oc-36f"/>
      </symbol>
      <symbol id="sm-508">
         <name>__mspabi_divu</name>
         <value>0xe3c8</value>
         <object_component_ref idref="oc-36f"/>
      </symbol>
      <symbol id="sm-510">
         <name>__mspabi_func_epilog_2</name>
         <value>0xe4e0</value>
         <object_component_ref idref="oc-cf"/>
      </symbol>
      <symbol id="sm-511">
         <name>__mspabi_func_epilog_3</name>
         <value>0xe4de</value>
         <object_component_ref idref="oc-cf"/>
      </symbol>
      <symbol id="sm-512">
         <name>__mspabi_func_epilog_1</name>
         <value>0xe4e2</value>
         <object_component_ref idref="oc-cf"/>
      </symbol>
      <symbol id="sm-513">
         <name>__mspabi_func_epilog_6</name>
         <value>0xe4d8</value>
         <object_component_ref idref="oc-cf"/>
      </symbol>
      <symbol id="sm-514">
         <name>__mspabi_func_epilog_7</name>
         <value>0xe4d6</value>
         <object_component_ref idref="oc-cf"/>
      </symbol>
      <symbol id="sm-515">
         <name>__mspabi_func_epilog_4</name>
         <value>0xe4dc</value>
         <object_component_ref idref="oc-cf"/>
      </symbol>
      <symbol id="sm-516">
         <name>__mspabi_func_epilog_5</name>
         <value>0xe4da</value>
         <object_component_ref idref="oc-cf"/>
      </symbol>
      <symbol id="sm-51c">
         <name>_Errno</name>
         <value>0x31c</value>
         <object_component_ref idref="oc-2dd"/>
      </symbol>
      <symbol id="sm-525">
         <name>C$$EXIT</name>
         <value>0xe5a0</value>
         <object_component_ref idref="oc-74"/>
      </symbol>
      <symbol id="sm-526">
         <name>abort</name>
         <value>0xe5a0</value>
         <object_component_ref idref="oc-74"/>
      </symbol>
      <symbol id="sm-52d">
         <name>__mspabi_slli</name>
         <value>0xe1f8</value>
         <object_component_ref idref="oc-2cc"/>
      </symbol>
      <symbol id="sm-52e">
         <name>__mspabi_slli_9</name>
         <value>0xe210</value>
         <object_component_ref idref="oc-2cc"/>
      </symbol>
      <symbol id="sm-52f">
         <name>__mspabi_slli_8</name>
         <value>0xe212</value>
         <object_component_ref idref="oc-2cc"/>
      </symbol>
      <symbol id="sm-530">
         <name>__mspabi_slli_7</name>
         <value>0xe214</value>
         <object_component_ref idref="oc-2cc"/>
      </symbol>
      <symbol id="sm-531">
         <name>__mspabi_slli_6</name>
         <value>0xe216</value>
         <object_component_ref idref="oc-2cc"/>
      </symbol>
      <symbol id="sm-532">
         <name>__mspabi_slli_5</name>
         <value>0xe218</value>
         <object_component_ref idref="oc-2cc"/>
      </symbol>
      <symbol id="sm-533">
         <name>__mspabi_slli_4</name>
         <value>0xe21a</value>
         <object_component_ref idref="oc-2cc"/>
      </symbol>
      <symbol id="sm-534">
         <name>__mspabi_slli_3</name>
         <value>0xe21c</value>
         <object_component_ref idref="oc-2cc"/>
      </symbol>
      <symbol id="sm-535">
         <name>__mspabi_slli_2</name>
         <value>0xe21e</value>
         <object_component_ref idref="oc-2cc"/>
      </symbol>
      <symbol id="sm-536">
         <name>__mspabi_slli_1</name>
         <value>0xe220</value>
         <object_component_ref idref="oc-2cc"/>
      </symbol>
      <symbol id="sm-537">
         <name>__mspabi_slli_15</name>
         <value>0xe204</value>
         <object_component_ref idref="oc-2cc"/>
      </symbol>
      <symbol id="sm-538">
         <name>__mspabi_slli_14</name>
         <value>0xe206</value>
         <object_component_ref idref="oc-2cc"/>
      </symbol>
      <symbol id="sm-539">
         <name>__mspabi_slli_13</name>
         <value>0xe208</value>
         <object_component_ref idref="oc-2cc"/>
      </symbol>
      <symbol id="sm-53a">
         <name>__mspabi_slli_12</name>
         <value>0xe20a</value>
         <object_component_ref idref="oc-2cc"/>
      </symbol>
      <symbol id="sm-53b">
         <name>__mspabi_slli_11</name>
         <value>0xe20c</value>
         <object_component_ref idref="oc-2cc"/>
      </symbol>
      <symbol id="sm-53c">
         <name>__mspabi_slli_10</name>
         <value>0xe20e</value>
         <object_component_ref idref="oc-2cc"/>
      </symbol>
      <symbol id="sm-54a">
         <name>__mspabi_slll_9</name>
         <value>0xdfa6</value>
         <object_component_ref idref="oc-42e"/>
      </symbol>
      <symbol id="sm-54b">
         <name>__mspabi_slll_8</name>
         <value>0xdfaa</value>
         <object_component_ref idref="oc-42e"/>
      </symbol>
      <symbol id="sm-54c">
         <name>__mspabi_slll_7</name>
         <value>0xdfae</value>
         <object_component_ref idref="oc-42e"/>
      </symbol>
      <symbol id="sm-54d">
         <name>__mspabi_slll_6</name>
         <value>0xdfb2</value>
         <object_component_ref idref="oc-42e"/>
      </symbol>
      <symbol id="sm-54e">
         <name>__mspabi_slll_5</name>
         <value>0xdfb6</value>
         <object_component_ref idref="oc-42e"/>
      </symbol>
      <symbol id="sm-54f">
         <name>__mspabi_slll_4</name>
         <value>0xdfba</value>
         <object_component_ref idref="oc-42e"/>
      </symbol>
      <symbol id="sm-550">
         <name>__mspabi_slll_3</name>
         <value>0xdfbe</value>
         <object_component_ref idref="oc-42e"/>
      </symbol>
      <symbol id="sm-551">
         <name>__mspabi_slll_2</name>
         <value>0xdfc2</value>
         <object_component_ref idref="oc-42e"/>
      </symbol>
      <symbol id="sm-552">
         <name>__mspabi_slll_1</name>
         <value>0xdfc6</value>
         <object_component_ref idref="oc-42e"/>
      </symbol>
      <symbol id="sm-553">
         <name>__mspabi_slll</name>
         <value>0xe4c6</value>
         <object_component_ref idref="oc-39a"/>
      </symbol>
      <symbol id="sm-554">
         <name>__mspabi_slll_15</name>
         <value>0xdf8e</value>
         <object_component_ref idref="oc-42e"/>
      </symbol>
      <symbol id="sm-555">
         <name>__mspabi_slll_14</name>
         <value>0xdf92</value>
         <object_component_ref idref="oc-42e"/>
      </symbol>
      <symbol id="sm-556">
         <name>__mspabi_slll_13</name>
         <value>0xdf96</value>
         <object_component_ref idref="oc-42e"/>
      </symbol>
      <symbol id="sm-557">
         <name>__mspabi_slll_12</name>
         <value>0xdf9a</value>
         <object_component_ref idref="oc-42e"/>
      </symbol>
      <symbol id="sm-558">
         <name>__mspabi_slll_11</name>
         <value>0xdf9e</value>
         <object_component_ref idref="oc-42e"/>
      </symbol>
      <symbol id="sm-559">
         <name>__mspabi_slll_10</name>
         <value>0xdfa2</value>
         <object_component_ref idref="oc-42e"/>
      </symbol>
      <symbol id="sm-560">
         <name>__mspabi_srll_8</name>
         <value>0xd9c2</value>
         <object_component_ref idref="oc-321"/>
      </symbol>
      <symbol id="sm-561">
         <name>__mspabi_srll_9</name>
         <value>0xd9bc</value>
         <object_component_ref idref="oc-321"/>
      </symbol>
      <symbol id="sm-562">
         <name>__mspabi_srll_6</name>
         <value>0xd9ce</value>
         <object_component_ref idref="oc-321"/>
      </symbol>
      <symbol id="sm-563">
         <name>__mspabi_srll_7</name>
         <value>0xd9c8</value>
         <object_component_ref idref="oc-321"/>
      </symbol>
      <symbol id="sm-564">
         <name>__mspabi_srll_4</name>
         <value>0xd9da</value>
         <object_component_ref idref="oc-321"/>
      </symbol>
      <symbol id="sm-565">
         <name>__mspabi_srll_5</name>
         <value>0xd9d4</value>
         <object_component_ref idref="oc-321"/>
      </symbol>
      <symbol id="sm-566">
         <name>__mspabi_srll_2</name>
         <value>0xd9e6</value>
         <object_component_ref idref="oc-321"/>
      </symbol>
      <symbol id="sm-567">
         <name>__mspabi_srll_3</name>
         <value>0xd9e0</value>
         <object_component_ref idref="oc-321"/>
      </symbol>
      <symbol id="sm-568">
         <name>__mspabi_srll_1</name>
         <value>0xd9ec</value>
         <object_component_ref idref="oc-321"/>
      </symbol>
      <symbol id="sm-569">
         <name>__mspabi_srll_15</name>
         <value>0xd998</value>
         <object_component_ref idref="oc-321"/>
      </symbol>
      <symbol id="sm-56a">
         <name>__mspabi_srll_14</name>
         <value>0xd99e</value>
         <object_component_ref idref="oc-321"/>
      </symbol>
      <symbol id="sm-56b">
         <name>__mspabi_srll_13</name>
         <value>0xd9a4</value>
         <object_component_ref idref="oc-321"/>
      </symbol>
      <symbol id="sm-56c">
         <name>__mspabi_srll_12</name>
         <value>0xd9aa</value>
         <object_component_ref idref="oc-321"/>
      </symbol>
      <symbol id="sm-56d">
         <name>__mspabi_srll_11</name>
         <value>0xd9b0</value>
         <object_component_ref idref="oc-321"/>
      </symbol>
      <symbol id="sm-56e">
         <name>__mspabi_srll_10</name>
         <value>0xd9b6</value>
         <object_component_ref idref="oc-321"/>
      </symbol>
      <symbol id="sm-57b">
         <name>memcpy</name>
         <value>0xe464</value>
         <object_component_ref idref="oc-7a"/>
      </symbol>
      <symbol id="sm-588">
         <name>memset</name>
         <value>0xe406</value>
         <object_component_ref idref="oc-c0"/>
      </symbol>
      <symbol id="sm-590">
         <name>_system_pre_init</name>
         <value>0xe59c</value>
         <object_component_ref idref="oc-65"/>
      </symbol>
      <symbol id="sm-5ae">
         <name>sprintf</name>
         <value>0xe040</value>
         <object_component_ref idref="oc-278"/>
      </symbol>
      <symbol id="sm-5ba">
         <name>strlen</name>
         <value>0xe4f4</value>
         <object_component_ref idref="oc-fa"/>
      </symbol>
      <symbol id="sm-61b">
         <name>__TI_printfi_minimal</name>
         <value>0xd072</value>
         <object_component_ref idref="oc-350"/>
      </symbol>
      <symbol id="sm-631">
         <name>_auto_init</name>
         <value>0xd93a</value>
         <object_component_ref idref="oc-6a"/>
      </symbol>
      <symbol id="sm-638">
         <name>__mspabi_srli_8</name>
         <value>0xdd0e</value>
         <object_component_ref idref="oc-48e"/>
      </symbol>
      <symbol id="sm-639">
         <name>__mspabi_srli_9</name>
         <value>0xdd0a</value>
         <object_component_ref idref="oc-48e"/>
      </symbol>
      <symbol id="sm-63a">
         <name>__mspabi_srli_6</name>
         <value>0xdd16</value>
         <object_component_ref idref="oc-48e"/>
      </symbol>
      <symbol id="sm-63b">
         <name>__mspabi_srli_7</name>
         <value>0xdd12</value>
         <object_component_ref idref="oc-48e"/>
      </symbol>
      <symbol id="sm-63c">
         <name>__mspabi_srli_4</name>
         <value>0xdd1e</value>
         <object_component_ref idref="oc-48e"/>
      </symbol>
      <symbol id="sm-63d">
         <name>__mspabi_srli_5</name>
         <value>0xdd1a</value>
         <object_component_ref idref="oc-48e"/>
      </symbol>
      <symbol id="sm-63e">
         <name>__mspabi_srli_2</name>
         <value>0xdd26</value>
         <object_component_ref idref="oc-48e"/>
      </symbol>
      <symbol id="sm-63f">
         <name>__mspabi_srli_3</name>
         <value>0xdd22</value>
         <object_component_ref idref="oc-48e"/>
      </symbol>
      <symbol id="sm-640">
         <name>__mspabi_srli_1</name>
         <value>0xdd2a</value>
         <object_component_ref idref="oc-48e"/>
      </symbol>
      <symbol id="sm-641">
         <name>__mspabi_srli</name>
         <value>0xdce4</value>
         <object_component_ref idref="oc-48e"/>
      </symbol>
      <symbol id="sm-642">
         <name>__mspabi_srli_15</name>
         <value>0xdcf2</value>
         <object_component_ref idref="oc-48e"/>
      </symbol>
      <symbol id="sm-643">
         <name>__mspabi_srli_14</name>
         <value>0xdcf6</value>
         <object_component_ref idref="oc-48e"/>
      </symbol>
      <symbol id="sm-644">
         <name>__mspabi_srli_13</name>
         <value>0xdcfa</value>
         <object_component_ref idref="oc-48e"/>
      </symbol>
      <symbol id="sm-645">
         <name>__mspabi_srli_12</name>
         <value>0xdcfe</value>
         <object_component_ref idref="oc-48e"/>
      </symbol>
      <symbol id="sm-646">
         <name>__mspabi_srli_11</name>
         <value>0xdd02</value>
         <object_component_ref idref="oc-48e"/>
      </symbol>
      <symbol id="sm-647">
         <name>__mspabi_srli_10</name>
         <value>0xdd06</value>
         <object_component_ref idref="oc-48e"/>
      </symbol>
      <symbol id="sm-655">
         <name>memccpy</name>
         <value>0xe332</value>
         <object_component_ref idref="oc-45e"/>
      </symbol>
      <symbol id="sm-65e">
         <name>__mspabi_mpyi</name>
         <value>0xe41a</value>
         <object_component_ref idref="oc-487"/>
      </symbol>
      <symbol id="sm-65f">
         <name>__TI_exit</name>
         <value>0x1</value>
      </symbol>
      <symbol id="sm-660">
         <name>__TI_args_main</name>
         <value>0x1</value>
      </symbol>
      <symbol id="sm-661">
         <name>__TI_INITARRAY_Base</name>
         <value>0x0</value>
      </symbol>
      <symbol id="sm-662">
         <name>__TI_INITARRAY_Limit</name>
         <value>0x0</value>
      </symbol>
   </symbol_table>
   <title>Link successful</title>
</link_info>
