******************************************************************************
                  MSP430 Linker Unix v4.2.1                    
******************************************************************************
>> Linked Thu Nov 21 18:13:37 2013

OUTPUT FILE NAME:   <BasicWiFi Application.out>
ENTRY POINT SYMBOL: "_c_int00"  address: 0000e34e


MEMORY CONFIGURATION

         name            origin    length      used     unused   attr    fill
----------------------  --------  ---------  --------  --------  ----  --------
  SFR                   00000000   00000010  00000000  00000010  RWIX
  PERIPHERALS_8BIT      00000010   000000f0  00000000  000000f0  RWIX
  PERIPHERALS_16BIT     00000100   00000100  00000000  00000100  RWIX
  RAM                   00000200   00000200  000001e6  0000001a  RWIX
  INFOD                 00001000   00000040  00000000  00000040  RWIX
  INFOC                 00001040   00000040  00000000  00000040  RWIX
  INFOB                 00001080   00000040  00000000  00000040  RWIX
  INFOA                 000010c0   00000040  00000000  00000040  RWIX
  FLASH                 0000c000   00003fe0  00002675  0000196b  RWIX
  INT00                 0000ffe0   00000002  00000000  00000002  RWIX
  INT01                 0000ffe2   00000002  00000000  00000002  RWIX
  INT02                 0000ffe4   00000002  00000002  00000000  RWIX
  INT03                 0000ffe6   00000002  00000002  00000000  RWIX
  INT04                 0000ffe8   00000002  00000000  00000002  RWIX
  INT05                 0000ffea   00000002  00000002  00000000  RWIX
  INT06                 0000ffec   00000002  00000002  00000000  RWIX
  INT07                 0000ffee   00000002  00000002  00000000  RWIX
  INT08                 0000fff0   00000002  00000002  00000000  RWIX
  INT09                 0000fff2   00000002  00000002  00000000  RWIX
  INT10                 0000fff4   00000002  00000002  00000000  RWIX
  INT11                 0000fff6   00000002  00000002  00000000  RWIX
  INT12                 0000fff8   00000002  00000002  00000000  RWIX
  INT13                 0000fffa   00000002  00000002  00000000  RWIX
  INT14                 0000fffc   00000002  00000002  00000000  RWIX
  RESET                 0000fffe   00000002  00000002  00000000  RWIX


SECTION ALLOCATION MAP

 output                                  attributes/
section   page    origin      length       input sections
--------  ----  ----------  ----------   ----------------
.init_array 
*          0    0000c000    00000000     UNINITIALIZED

.bss       0    00000200    000000f4     UNINITIALIZED
                  00000200    0000003c     (.common:wlan_tx_buffer)
                  0000023c    0000002e     (.common:tSLInformation)
                  0000026a    0000002c     (.common:spi_buffer)
                  00000296    0000001c     (.common:pucCC3000_Rx_Buffer)
                  000002b2    0000001a     (.common:g_ucUARTBuffer)
                  000002cc    0000000e     (.common:sSpiInformation)
                  000002da    00000004     (.common:OkToDoShutDown)
                  000002de    00000004     (.common:ulCC3000Connected)
                  000002e2    00000004     (.common:ulCC3000DHCP)
                  000002e6    00000004     (.common:ulCC3000DHCP_configured)
                  000002ea    00000004     (.common:ulSmartConfigFinished)
                  000002ee    00000004     (.common:ulSocket)
                  000002f2    00000001     (.common:g_ucLength)
                  000002f3    00000001     (.common:ucStopSmartConfig)

.TI.noinit 
*          0    00000200    00000000     UNINITIALIZED

.data      0    000002f4    0000002a     UNINITIALIZED
                  000002f4    0000000f     basic_wifi_application.obj (.data:device_name)
                  00000303    00000001     basic_wifi_application.obj (.data)
                  00000304    0000000b     basic_wifi_application.obj (.data:digits)
                  0000030f    00000001     --HOLE--
                  00000310    00000005     CC3000 Spi.lib : spi.obj (.data:tSpiReadHeader)
                  00000315    00000001     --HOLE--
                  00000316    00000004     CC3000HostDriver.lib : evnt_handler.obj (.data)
                  0000031a    00000002     HyperTerminal Driver.lib : dispatcher.obj (.data)
                  0000031c    00000002     rts430_eabi.lib : errno.obj (.data)

.TI.persistent 
*          0    000002f4    00000000     UNINITIALIZED

.stack     0    00000338    000000c8     UNINITIALIZED
                  00000338    00000002     rts430_eabi.lib : boot.obj (.stack)
                  0000033a    000000c6     --HOLE--

.text      0    0000c000    000025aa     
                  0000c000    00000374     basic_wifi_application.obj (.text:DemoHandleUartCommand)
                  0000c374    000002fe     CC3000HostDriver.lib : evnt_handler.obj (.text:hci_event_handler)
                  0000c672    000001fe                          : evnt_handler.obj (.text:hci_unsol_event_handler)
                  0000c870    0000019a                          : socket.obj (.text:simple_link_send)
                  0000ca0a    00000116     rts430_eabi.lib : _printfi_min.obj (.text:_setfield)
                  0000cb20    00000102     basic_wifi_application.obj (.text:StartSmartConfig)
                  0000cc22    000000e8     basic_wifi_application.obj (.text:CC3000_UsynchCallback)
                  0000cd0a    000000e0     CC3000HostDriver.lib : hci.obj (.text:hci_patch_send)
                  0000cdea    000000de     basic_wifi_application.obj (.text:main)
                  0000cec8    000000dc     basic_wifi_application.obj (.text:initDriver)
                  0000cfa4    000000ce     CC3000 Spi.lib : spi.obj (.text:SpiWrite)
                  0000d072    000000ca     rts430_eabi.lib : _printfi_min.obj (.text:__TI_printfi_minimal)
                  0000d13c    000000c6     CC3000HostDriver.lib : wlan.obj (.text:wlan_connect)
                  0000d202    000000a8                          : wlan.obj (.text:wlan_start)
                  0000d2aa    00000096                          : socket.obj (.text:simple_link_recv)
                  0000d340    00000086     CC3000 Spi.lib : spi.obj (.text:IntSpiGPIOHandler)
                  0000d3c6    00000082                    : spi.obj (.text:SpiReadDataCont)
                  0000d448    00000080     CC3000HostDriver.lib : evnt_handler.obj (.text:hci_unsol_handle_patch_request)
                  0000d4c8    0000007a                          : netapp.obj (.text:netapp_dhcp)
                  0000d542    00000074                          : socket.obj (.text:socket)
                  0000d5b6    00000072                          : wlan.obj (.text:wlan_set_event_mask)
                  0000d628    0000006a                          : socket.obj (.text:mdnsAdvertiser)
                  0000d692    00000068                          : socket.obj (.text:bind)
                  0000d6fa    00000062                          : wlan.obj (.text:wlan_ioctl_set_connection_policy)
                  0000d75c    00000060     HyperTerminal Driver.lib : dispatcher.obj (.text:USCI_A0_ISR)
                  0000d7bc    00000060     board.obj (.text:pio_init)
                  0000d81c    00000060     CC3000HostDriver.lib : evnt_handler.obj (.text:set_socket_active_status)
                  0000d87c    00000060                          : wlan.obj (.text:wlan_smart_config_set_prefix)
                  0000d8dc    0000005e     rts430_eabi.lib : copy_decompress_rle.obj (.text:__TI_decompress_rle_core)
                  0000d93a    0000005e                     : autoinit.obj (.text:_auto_init)
                  0000d998    0000005c                     : lsr32.obj (.text:l_lsr_const)
                  0000d9f4    0000005a     basic_wifi_application.obj (.text:atoc)
                  0000da4e    00000058     CC3000HostDriver.lib : socket.obj (.text:closesocket)
                  0000daa6    00000058     basic_wifi_application.obj (.text:my_itoa)
                  0000dafe    00000056     rts430_eabi.lib : _printfi_min.obj (.text:_ltostr)
                  0000db54    00000052     CC3000 Spi.lib : spi.obj (.text:SpiOpen)
                  0000dba6    00000052     CC3000HostDriver.lib : socket.obj (.text:sendto)
                  0000dbf8    00000050     CC3000 Spi.lib : spi.obj (.text:SpiFirstWrite)
                  0000dc48    0000004e     CC3000HostDriver.lib : socket.obj (.text:HostFlowControlConsumeBuff)
                  0000dc96    0000004e     rts430_eabi.lib : _printfi_min.obj (.text:_pproc_diouxp)
                  0000dce4    0000004c                     : lsr16.obj (.text)
                  0000dd30    00000048     CC3000 Spi.lib : spi.obj (.text:SpiReadDataSynchronous)
                  0000dd78    00000048     CC3000HostDriver.lib : socket.obj (.text:recvfrom)
                  0000ddc0    00000046     rts430_eabi.lib : _printfi_min.obj (.text:_pproc_str)
                  0000de06    00000046     CC3000HostDriver.lib : evnt_handler.obj (.text:hci_event_unsol_flowcontrol_handler)
                  0000de4c    00000042                          : hci.obj (.text:hci_data_send)
                  0000de8e    00000040     HyperTerminal Driver.lib : dispatcher.obj (.text:DispatcherUARTConfigure)
                  0000dece    00000040     CC3000HostDriver.lib : evnt_handler.obj (.text:get_socket_active_status)
                  0000df0e    00000040                          : wlan.obj (.text:wlan_ioctl_del_profile)
                  0000df4e    00000040                          : wlan.obj (.text:wlan_smart_config_start)
                  0000df8e    0000003e     rts430_eabi.lib : lsl32.obj (.text:l_lsl_const)
                  0000dfcc    0000003a     board.obj (.text:ConfigureSwitch)
                  0000e006    0000003a     CC3000 Spi.lib : spi.obj (.text:init_spi)
                  0000e040    00000038     rts430_eabi.lib : sprintf.obj (.text:sprintf)
                  0000e078    00000036     CC3000HostDriver.lib : evnt_handler.obj (.text:hci_unsolicited_event_handler)
                  0000e0ae    00000034                          : evnt_handler.obj (.text:update_socket_active_status)
                  0000e0e2    00000030                          : cc3000_common.obj (.text:STREAM_TO_UINT32_f)
                  0000e112    00000030     CC3000 Spi.lib : spi.obj (.text:SpiWriteDataSynchronous)
                  0000e142    0000002e     rts430_eabi.lib : _printfi_min.obj (.text:_getarg_diouxp)
                  0000e170    0000002e     CC3000HostDriver.lib : hci.obj (.text:hci_command_send)
                  0000e19e    0000002e                          : wlan.obj (.text:wlan_init)
                  0000e1cc    0000002c     rts430_eabi.lib : div16s.obj (.text)
                  0000e1f8    0000002c                     : lsl16.obj (.text)
                  0000e224    0000002c     CC3000HostDriver.lib : wlan.obj (.text:wlan_disconnect)
                  0000e250    0000002a     board.obj (.text:initClk)
                  0000e27a    00000028     CC3000 Spi.lib : spi.obj (.text:SpiTriggerRxProcessing)
                  0000e2a2    00000028     CC3000HostDriver.lib : cc3000_common.obj (.text:UINT32_TO_STREAM_f)
                  0000e2ca    00000024                          : wlan.obj (.text:SimpleLink_Init_Start)
                  0000e2ee    00000024     board.obj (.text:wakeup_timer_init)
                  0000e312    00000020     CC3000HostDriver.lib : wlan.obj (.text:wlan_stop)
                  0000e332    0000001c     rts430_eabi.lib : memccpy.obj (.text:memccpy)
                  0000e34e    0000001a                     : boot.obj (.text:_c_int00_noexit)
                  0000e368    0000001a                     : sprintf.obj (.text:_outs)
                  0000e382    00000018                     : _printfi_min.obj (.text:_div)
                  0000e39a    00000018     basic_wifi_application.obj (.text:atoshort)
                  0000e3b2    00000016     basic_wifi_application.obj (.text:ascii_to_char)
                  0000e3c8    00000016     rts430_eabi.lib : div16u.obj (.text)
                  0000e3de    00000014     HyperTerminal Driver.lib : dispatcher.obj (.text:DispatcherUartSendPacket)
                  0000e3f2    00000014     rts430_eabi.lib : copy_zero_init.obj (.text:decompress:ZI:__TI_zero_init)
                  0000e406    00000014                     : memset.obj (.text:memset)
                  0000e41a    00000014                     : mult16.obj (.text)
                  0000e42e    00000012     CC3000 Spi.lib : spi.obj (.text:SSIContReadOperation)
                  0000e440    00000012     rts430_eabi.lib : sprintf.obj (.text:_outc)
                  0000e452    00000012                     : copy_decompress_none.obj (.text:decompress:none:__TI_decompress_none)
                  0000e464    00000012                     : memcpy.obj (.text:memcpy)
                  0000e476    00000010     CC3000HostDriver.lib : cc3000_common.obj (.text:STREAM_TO_UINT16_f)
                  0000e486    00000010                          : evnt_handler.obj (.text:SimpleLinkWaitEvent)
                  0000e496    00000010                          : cc3000_common.obj (.text:UINT16_TO_STREAM_f)
                  0000e4a6    00000010     board.obj (.text:WlanInterruptEnable)
                  0000e4b6    00000010     board.obj (.text:WriteWlanPin)
                  0000e4c6    00000010     rts430_eabi.lib : lsl32.obj (.text:l_lsl)
                  0000e4d6    00000010                     : epilog.obj (.text)
                  0000e4e6    0000000e     CC3000 Spi.lib : spi.obj (.text:SpiClose)
                  0000e4f4    0000000e     rts430_eabi.lib : strlen.obj (.text:strlen)
                  0000e502    0000000e     board.obj (.text:wakeup_timer_disable)
                  0000e510    0000000c     board.obj (.text:ReadWlanInterruptPin)
                  0000e51c    0000000c     CC3000 Spi.lib : spi.obj (.text:SpiReadHeader)
                  0000e528    0000000c     CC3000HostDriver.lib : wlan.obj (.text:SpiReceiveHandler)
                  0000e534    0000000c     basic_wifi_application.obj (.text:sendBootLoaderPatch)
                  0000e540    0000000c     basic_wifi_application.obj (.text:sendDriverPatch)
                  0000e54c    0000000c     basic_wifi_application.obj (.text:sendWLFWPatch)
                  0000e558    0000000a     CC3000 Spi.lib : spi.obj (.text:RXBufferIsEmpty)
                  0000e562    0000000a     board.obj (.text:TIMER1_A0_ISR)
                  0000e56c    0000000a     CC3000 Spi.lib : spi.obj (.text:TXBufferIsEmpty)
                  0000e576    00000008     CC3000HostDriver.lib : evnt_handler.obj (.text:SimpleLinkWaitData)
                  0000e57e    00000008     CC3000 Spi.lib : spi.obj (.text:SpiPauseSpi)
                  0000e586    00000008                    : spi.obj (.text:SpiResumeSpi)
                  0000e58e    00000008     board.obj (.text:WlanInterruptDisable)
                  0000e596    00000006     rts430_eabi.lib : copy_decompress_rle.obj (.text:decompress:rle24:__TI_decompress_rle24)
                  0000e59c    00000004                     : pre_init.obj (.text:_system_pre_init)
                  0000e5a0    00000004                     : exit.obj (.text:abort)
                  0000e5a4    00000002     board.obj (.text:Trap_ISR)
                  0000e5a6    00000002     board.obj (.text:turnLedOff)
                  0000e5a8    00000002     board.obj (.text:turnLedOn)

.const     0    0000e5aa    0000008d     
                  0000e5aa    0000001d     basic_wifi_application.obj (.const:.string:pucUARTExampleAppString)
                  0000e5c7    00000001     --HOLE-- [fill = 0]
                  0000e5c8    00000015     basic_wifi_application.obj (.const:.string:pucUARTCommandSmartConfigDoneString)
                  0000e5dd    00000001     --HOLE-- [fill = 0]
                  0000e5de    00000014     basic_wifi_application.obj (.const:.string:pucUARTNoDataString)
                  0000e5f2    00000014     rts430_eabi.lib : _printfi_min.obj (.const:.string)
                  0000e606    00000013     basic_wifi_application.obj (.const:.string:pucUARTIllegalCommandString)
                  0000e619    00000001     --HOLE-- [fill = 0]
                  0000e61a    00000012     basic_wifi_application.obj (.const:.string)
                  0000e62c    00000008     basic_wifi_application.obj (.const:.string:pucUARTCommandDoneString)
                  0000e634    00000003     basic_wifi_application.obj (.const:.string:aucCC3000_prefix)

.cinit     0    0000e638    0000003e     
                  0000e638    0000002b     (.cinit..data.load) [load image, compression = rle]
                  0000e663    00000001     --HOLE-- [fill = 0]
                  0000e664    00000006     (__TI_handler_table)
                  0000e66a    00000004     (.cinit..bss.load) [load image, compression = zero_init]
                  0000e66e    00000008     (__TI_cinit_table)

PORT1      0    0000ffe4    00000002     
                  0000ffe4    00000002     board.obj (.int02)

PORT2      0    0000ffe6    00000002     
                  0000ffe6    00000002     CC3000 Spi.lib : spi.obj (.int03)

ADC10      0    0000ffea    00000002     
                  0000ffea    00000002     board.obj (.int05)

USCIAB0TX 
*          0    0000ffec    00000002     
                  0000ffec    00000002     board.obj (.int06)

USCIAB0RX 
*          0    0000ffee    00000002     
                  0000ffee    00000002     HyperTerminal Driver.lib : dispatcher.obj (.int07)

TIMER0_A1 
*          0    0000fff0    00000002     
                  0000fff0    00000002     board.obj (.int08)

TIMER0_A0 
*          0    0000fff2    00000002     
                  0000fff2    00000002     board.obj (.int09)

WDT        0    0000fff4    00000002     
                  0000fff4    00000002     board.obj (.int10)

COMPARATORA 
*          0    0000fff6    00000002     
                  0000fff6    00000002     board.obj (.int11)

TIMER1_A1 
*          0    0000fff8    00000002     
                  0000fff8    00000002     board.obj (.int12)

TIMER1_A0 
*          0    0000fffa    00000002     
                  0000fffa    00000002     board.obj (.int13)

NMI        0    0000fffc    00000002     
                  0000fffc    00000002     board.obj (.int14)

.reset     0    0000fffe    00000002     
                  0000fffe    00000002     rts430_eabi.lib : boot.obj (.reset)


LINKER GENERATED COPY TABLES

__TI_cinit_table @ 0000e66e records: 2, size/record: 4, table size: 8
	.data: load addr=0000e638, load size=0000002b bytes, run addr=000002f4, run size=0000002a bytes, compression=rle
	.bss: load addr=0000e66a, load size=00000004 bytes, run addr=00000200, run size=000000f4 bytes, compression=zero_init


LINKER GENERATED HANDLER TABLE

__TI_handler_table @ 0000e664 records: 3, size/record: 2, table size: 6
	index: 0, handler: __TI_zero_init
	index: 1, handler: __TI_decompress_rle24
	index: 2, handler: __TI_decompress_none


GLOBAL SYMBOLS: SORTED ALPHABETICALLY BY Name 

address    name
--------   ----
0000004a   ADC10AE0
000001b0   ADC10CTL0
000001b2   ADC10CTL1
00000048   ADC10DTC0
00000049   ADC10DTC1
000001b4   ADC10MEM
000001bc   ADC10SA
00000057   BCSCTL1
00000058   BCSCTL2
00000053   BCSCTL3
0000e5a0   C$$EXIT
00000059   CACTL1
0000005a   CACTL2
000010fb   CALBC1_12MHZ
000010f9   CALBC1_16MHZ
000010ff   CALBC1_1MHZ
000010fd   CALBC1_8MHZ
000010fa   CALDCO_12MHZ
000010f8   CALDCO_16MHZ
000010fe   CALDCO_1MHZ
000010fc   CALDCO_8MHZ
0000005b   CAPD
0000cc22   CC3000_UsynchCallback
0000dfcc   ConfigureSwitch
00000056   DCOCTL
0000c000   DemoHandleUartCommand
0000de8e   DispatcherUARTConfigure
0000e3de   DispatcherUartSendPacket
00000128   FCTL1
0000012a   FCTL2
0000012c   FCTL3
0000dc48   HostFlowControlConsumeBuff
00000000   IE1
00000001   IE2
00000002   IFG1
00000003   IFG2
0000d340   IntSpiGPIOHandler
000002da   OkToDoShutDown
00000022   P1DIR
00000025   P1IE
00000024   P1IES
00000023   P1IFG
00000020   P1IN
00000021   P1OUT
00000027   P1REN
00000026   P1SEL
00000041   P1SEL2
0000002a   P2DIR
0000002d   P2IE
0000002c   P2IES
0000002b   P2IFG
00000028   P2IN
00000029   P2OUT
0000002f   P2REN
0000002e   P2SEL
00000042   P2SEL2
0000001a   P3DIR
00000018   P3IN
00000019   P3OUT
00000010   P3REN
0000001b   P3SEL
00000043   P3SEL2
0000e558   RXBufferIsEmpty
0000e510   ReadWlanInterruptPin
0000e42e   SSIContReadOperation
0000e476   STREAM_TO_UINT16_f
0000e0e2   STREAM_TO_UINT32_f
0000e576   SimpleLinkWaitData
0000e486   SimpleLinkWaitEvent
0000e4e6   SpiClose
0000dbf8   SpiFirstWrite
0000db54   SpiOpen
0000e57e   SpiPauseSpi
0000d3c6   SpiReadDataCont
0000dd30   SpiReadDataSynchronous
0000e51c   SpiReadHeader
0000e528   SpiReceiveHandler
0000e586   SpiResumeSpi
0000e27a   SpiTriggerRxProcessing
0000cfa4   SpiWrite
0000e112   SpiWriteDataSynchronous
0000cb20   StartSmartConfig
00000172   TA0CCR0
00000174   TA0CCR1
00000176   TA0CCR2
00000162   TA0CCTL0
00000164   TA0CCTL1
00000166   TA0CCTL2
00000160   TA0CTL
0000012e   TA0IV
00000170   TA0R
00000192   TA1CCR0
00000194   TA1CCR1
00000196   TA1CCR2
00000182   TA1CCTL0
00000184   TA1CCTL1
00000186   TA1CCTL2
00000180   TA1CTL
0000011e   TA1IV
00000190   TA1R
0000e562   TIMER1_A0_ISR
0000e56c   TXBufferIsEmpty
0000e5a4   Trap_ISR
0000005d   UCA0ABCTL
00000062   UCA0BR0
00000063   UCA0BR1
00000060   UCA0CTL0
00000061   UCA0CTL1
0000005f   UCA0IRRCTL
0000005e   UCA0IRTCTL
00000064   UCA0MCTL
00000066   UCA0RXBUF
00000065   UCA0STAT
00000067   UCA0TXBUF
0000006a   UCB0BR0
0000006b   UCB0BR1
00000068   UCB0CTL0
00000069   UCB0CTL1
0000006c   UCB0I2CIE
00000118   UCB0I2COA
0000011a   UCB0I2CSA
0000006e   UCB0RXBUF
0000006d   UCB0STAT
0000006f   UCB0TXBUF
0000e496   UINT16_TO_STREAM_f
0000e2a2   UINT32_TO_STREAM_f
0000d75c   USCI_A0_ISR
00000120   WDTCTL
0000e58e   WlanInterruptDisable
0000e4a6   WlanInterruptEnable
0000e4b6   WriteWlanPin
0000031c   _Errno
00000400   __STACK_END
000000c8   __STACK_SIZE
0000e66e   __TI_CINIT_Base
0000e676   __TI_CINIT_Limit
0000e664   __TI_Handler_Table_Base
0000e66a   __TI_Handler_Table_Limit
UNDEFED    __TI_INITARRAY_Base
UNDEFED    __TI_INITARRAY_Limit
00000001   __TI_args_main
0000e452   __TI_decompress_none
0000e596   __TI_decompress_rle24
00000001   __TI_exit
0000ffe4   __TI_int02
0000ffe6   __TI_int03
0000ffea   __TI_int05
0000ffec   __TI_int06
0000ffee   __TI_int07
0000fff0   __TI_int08
0000fff2   __TI_int09
0000fff4   __TI_int10
0000fff6   __TI_int11
0000fff8   __TI_int12
0000fffa   __TI_int13
0000fffc   __TI_int14
0000d072   __TI_printfi_minimal
0000e3f2   __TI_zero_init
ffffffff   __binit__
ffffffff   __c_args__
0000e1cc   __mspabi_divi
0000e3c8   __mspabi_divu
0000e4e2   __mspabi_func_epilog_1
0000e4e0   __mspabi_func_epilog_2
0000e4de   __mspabi_func_epilog_3
0000e4dc   __mspabi_func_epilog_4
0000e4da   __mspabi_func_epilog_5
0000e4d8   __mspabi_func_epilog_6
0000e4d6   __mspabi_func_epilog_7
0000e41a   __mspabi_mpyi
0000e1cc   __mspabi_remi
0000e3c8   __mspabi_remu
0000e1f8   __mspabi_slli
0000e220   __mspabi_slli_1
0000e20e   __mspabi_slli_10
0000e20c   __mspabi_slli_11
0000e20a   __mspabi_slli_12
0000e208   __mspabi_slli_13
0000e206   __mspabi_slli_14
0000e204   __mspabi_slli_15
0000e21e   __mspabi_slli_2
0000e21c   __mspabi_slli_3
0000e21a   __mspabi_slli_4
0000e218   __mspabi_slli_5
0000e216   __mspabi_slli_6
0000e214   __mspabi_slli_7
0000e212   __mspabi_slli_8
0000e210   __mspabi_slli_9
0000e4c6   __mspabi_slll
0000dfc6   __mspabi_slll_1
0000dfa2   __mspabi_slll_10
0000df9e   __mspabi_slll_11
0000df9a   __mspabi_slll_12
0000df96   __mspabi_slll_13
0000df92   __mspabi_slll_14
0000df8e   __mspabi_slll_15
0000dfc2   __mspabi_slll_2
0000dfbe   __mspabi_slll_3
0000dfba   __mspabi_slll_4
0000dfb6   __mspabi_slll_5
0000dfb2   __mspabi_slll_6
0000dfae   __mspabi_slll_7
0000dfaa   __mspabi_slll_8
0000dfa6   __mspabi_slll_9
0000dce4   __mspabi_srli
0000dd2a   __mspabi_srli_1
0000dd06   __mspabi_srli_10
0000dd02   __mspabi_srli_11
0000dcfe   __mspabi_srli_12
0000dcfa   __mspabi_srli_13
0000dcf6   __mspabi_srli_14
0000dcf2   __mspabi_srli_15
0000dd26   __mspabi_srli_2
0000dd22   __mspabi_srli_3
0000dd1e   __mspabi_srli_4
0000dd1a   __mspabi_srli_5
0000dd16   __mspabi_srli_6
0000dd12   __mspabi_srli_7
0000dd0e   __mspabi_srli_8
0000dd0a   __mspabi_srli_9
0000d9ec   __mspabi_srll_1
0000d9b6   __mspabi_srll_10
0000d9b0   __mspabi_srll_11
0000d9aa   __mspabi_srll_12
0000d9a4   __mspabi_srll_13
0000d99e   __mspabi_srll_14
0000d998   __mspabi_srll_15
0000d9e6   __mspabi_srll_2
0000d9e0   __mspabi_srll_3
0000d9da   __mspabi_srll_4
0000d9d4   __mspabi_srll_5
0000d9ce   __mspabi_srll_6
0000d9c8   __mspabi_srll_7
0000d9c2   __mspabi_srll_8
0000d9bc   __mspabi_srll_9
0000d93a   _auto_init
0000e34e   _c_int00
0000e34e   _c_int00_noexit
0000fffe   _reset_vector
00000338   _stack
0000e59c   _system_pre_init
0000e5a0   abort
0000e3b2   ascii_to_char
0000d9f4   atoc
0000e39a   atoshort
0000e634   aucCC3000_prefix
0000d692   bind
ffffffff   binit
0000da4e   closesocket
000002f4   device_name
00000304   digits
000002f2   g_ucLength
000002b2   g_ucUARTBuffer
0000dece   get_socket_active_status
0000e170   hci_command_send
0000de4c   hci_data_send
0000c374   hci_event_handler
0000cd0a   hci_patch_send
0000c672   hci_unsol_event_handler
0000d448   hci_unsol_handle_patch_request
0000e078   hci_unsolicited_event_handler
0000e250   initClk
0000cec8   initDriver
0000e006   init_spi
0000cdea   main
0000d628   mdnsAdvertiser
0000e332   memccpy
0000e464   memcpy
0000e406   memset
0000daa6   my_itoa
0000d4c8   netapp_dhcp
0000d7bc   pio_init
00000303   printOnce
00000296   pucCC3000_Rx_Buffer
0000e62c   pucUARTCommandDoneString
0000e5c8   pucUARTCommandSmartConfigDoneString
0000e5aa   pucUARTExampleAppString
0000e606   pucUARTIllegalCommandString
0000e5de   pucUARTNoDataString
0000dd78   recvfrom
000002cc   sSpiInformation
0000e534   sendBootLoaderPatch
0000e540   sendDriverPatch
0000e54c   sendWLFWPatch
0000dba6   sendto
0000d81c   set_socket_active_status
0000d2aa   simple_link_recv
0000c870   simple_link_send
0000d542   socket
00000316   socket_active_status
0000026a   spi_buffer
0000e040   sprintf
0000e4f4   strlen
0000023c   tSLInformation
00000310   tSpiReadHeader
0000e5a6   turnLedOff
0000e5a8   turnLedOn
0000031a   uart_have_cmd
000002f3   ucStopSmartConfig
000002de   ulCC3000Connected
000002e2   ulCC3000DHCP
000002e6   ulCC3000DHCP_configured
000002ea   ulSmartConfigFinished
000002ee   ulSocket
0000e502   wakeup_timer_disable
0000e2ee   wakeup_timer_init
0000d13c   wlan_connect
0000e224   wlan_disconnect
0000e19e   wlan_init
0000df0e   wlan_ioctl_del_profile
0000d6fa   wlan_ioctl_set_connection_policy
0000d5b6   wlan_set_event_mask
0000d87c   wlan_smart_config_set_prefix
0000df4e   wlan_smart_config_start
0000d202   wlan_start
0000e312   wlan_stop
00000200   wlan_tx_buffer


GLOBAL SYMBOLS: SORTED BY Symbol Address 

address    name
--------   ----
00000000   IE1
00000001   IE2
00000001   __TI_args_main
00000001   __TI_exit
00000002   IFG1
00000003   IFG2
00000010   P3REN
00000018   P3IN
00000019   P3OUT
0000001a   P3DIR
0000001b   P3SEL
00000020   P1IN
00000021   P1OUT
00000022   P1DIR
00000023   P1IFG
00000024   P1IES
00000025   P1IE
00000026   P1SEL
00000027   P1REN
00000028   P2IN
00000029   P2OUT
0000002a   P2DIR
0000002b   P2IFG
0000002c   P2IES
0000002d   P2IE
0000002e   P2SEL
0000002f   P2REN
00000041   P1SEL2
00000042   P2SEL2
00000043   P3SEL2
00000048   ADC10DTC0
00000049   ADC10DTC1
0000004a   ADC10AE0
00000053   BCSCTL3
00000056   DCOCTL
00000057   BCSCTL1
00000058   BCSCTL2
00000059   CACTL1
0000005a   CACTL2
0000005b   CAPD
0000005d   UCA0ABCTL
0000005e   UCA0IRTCTL
0000005f   UCA0IRRCTL
00000060   UCA0CTL0
00000061   UCA0CTL1
00000062   UCA0BR0
00000063   UCA0BR1
00000064   UCA0MCTL
00000065   UCA0STAT
00000066   UCA0RXBUF
00000067   UCA0TXBUF
00000068   UCB0CTL0
00000069   UCB0CTL1
0000006a   UCB0BR0
0000006b   UCB0BR1
0000006c   UCB0I2CIE
0000006d   UCB0STAT
0000006e   UCB0RXBUF
0000006f   UCB0TXBUF
000000c8   __STACK_SIZE
00000118   UCB0I2COA
0000011a   UCB0I2CSA
0000011e   TA1IV
00000120   WDTCTL
00000128   FCTL1
0000012a   FCTL2
0000012c   FCTL3
0000012e   TA0IV
00000160   TA0CTL
00000162   TA0CCTL0
00000164   TA0CCTL1
00000166   TA0CCTL2
00000170   TA0R
00000172   TA0CCR0
00000174   TA0CCR1
00000176   TA0CCR2
00000180   TA1CTL
00000182   TA1CCTL0
00000184   TA1CCTL1
00000186   TA1CCTL2
00000190   TA1R
00000192   TA1CCR0
00000194   TA1CCR1
00000196   TA1CCR2
000001b0   ADC10CTL0
000001b2   ADC10CTL1
000001b4   ADC10MEM
000001bc   ADC10SA
00000200   wlan_tx_buffer
0000023c   tSLInformation
0000026a   spi_buffer
00000296   pucCC3000_Rx_Buffer
000002b2   g_ucUARTBuffer
000002cc   sSpiInformation
000002da   OkToDoShutDown
000002de   ulCC3000Connected
000002e2   ulCC3000DHCP
000002e6   ulCC3000DHCP_configured
000002ea   ulSmartConfigFinished
000002ee   ulSocket
000002f2   g_ucLength
000002f3   ucStopSmartConfig
000002f4   device_name
00000303   printOnce
00000304   digits
00000310   tSpiReadHeader
00000316   socket_active_status
0000031a   uart_have_cmd
0000031c   _Errno
00000338   _stack
00000400   __STACK_END
000010f8   CALDCO_16MHZ
000010f9   CALBC1_16MHZ
000010fa   CALDCO_12MHZ
000010fb   CALBC1_12MHZ
000010fc   CALDCO_8MHZ
000010fd   CALBC1_8MHZ
000010fe   CALDCO_1MHZ
000010ff   CALBC1_1MHZ
0000c000   DemoHandleUartCommand
0000c374   hci_event_handler
0000c672   hci_unsol_event_handler
0000c870   simple_link_send
0000cb20   StartSmartConfig
0000cc22   CC3000_UsynchCallback
0000cd0a   hci_patch_send
0000cdea   main
0000cec8   initDriver
0000cfa4   SpiWrite
0000d072   __TI_printfi_minimal
0000d13c   wlan_connect
0000d202   wlan_start
0000d2aa   simple_link_recv
0000d340   IntSpiGPIOHandler
0000d3c6   SpiReadDataCont
0000d448   hci_unsol_handle_patch_request
0000d4c8   netapp_dhcp
0000d542   socket
0000d5b6   wlan_set_event_mask
0000d628   mdnsAdvertiser
0000d692   bind
0000d6fa   wlan_ioctl_set_connection_policy
0000d75c   USCI_A0_ISR
0000d7bc   pio_init
0000d81c   set_socket_active_status
0000d87c   wlan_smart_config_set_prefix
0000d93a   _auto_init
0000d998   __mspabi_srll_15
0000d99e   __mspabi_srll_14
0000d9a4   __mspabi_srll_13
0000d9aa   __mspabi_srll_12
0000d9b0   __mspabi_srll_11
0000d9b6   __mspabi_srll_10
0000d9bc   __mspabi_srll_9
0000d9c2   __mspabi_srll_8
0000d9c8   __mspabi_srll_7
0000d9ce   __mspabi_srll_6
0000d9d4   __mspabi_srll_5
0000d9da   __mspabi_srll_4
0000d9e0   __mspabi_srll_3
0000d9e6   __mspabi_srll_2
0000d9ec   __mspabi_srll_1
0000d9f4   atoc
0000da4e   closesocket
0000daa6   my_itoa
0000db54   SpiOpen
0000dba6   sendto
0000dbf8   SpiFirstWrite
0000dc48   HostFlowControlConsumeBuff
0000dce4   __mspabi_srli
0000dcf2   __mspabi_srli_15
0000dcf6   __mspabi_srli_14
0000dcfa   __mspabi_srli_13
0000dcfe   __mspabi_srli_12
0000dd02   __mspabi_srli_11
0000dd06   __mspabi_srli_10
0000dd0a   __mspabi_srli_9
0000dd0e   __mspabi_srli_8
0000dd12   __mspabi_srli_7
0000dd16   __mspabi_srli_6
0000dd1a   __mspabi_srli_5
0000dd1e   __mspabi_srli_4
0000dd22   __mspabi_srli_3
0000dd26   __mspabi_srli_2
0000dd2a   __mspabi_srli_1
0000dd30   SpiReadDataSynchronous
0000dd78   recvfrom
0000de4c   hci_data_send
0000de8e   DispatcherUARTConfigure
0000dece   get_socket_active_status
0000df0e   wlan_ioctl_del_profile
0000df4e   wlan_smart_config_start
0000df8e   __mspabi_slll_15
0000df92   __mspabi_slll_14
0000df96   __mspabi_slll_13
0000df9a   __mspabi_slll_12
0000df9e   __mspabi_slll_11
0000dfa2   __mspabi_slll_10
0000dfa6   __mspabi_slll_9
0000dfaa   __mspabi_slll_8
0000dfae   __mspabi_slll_7
0000dfb2   __mspabi_slll_6
0000dfb6   __mspabi_slll_5
0000dfba   __mspabi_slll_4
0000dfbe   __mspabi_slll_3
0000dfc2   __mspabi_slll_2
0000dfc6   __mspabi_slll_1
0000dfcc   ConfigureSwitch
0000e006   init_spi
0000e040   sprintf
0000e078   hci_unsolicited_event_handler
0000e0e2   STREAM_TO_UINT32_f
0000e112   SpiWriteDataSynchronous
0000e170   hci_command_send
0000e19e   wlan_init
0000e1cc   __mspabi_divi
0000e1cc   __mspabi_remi
0000e1f8   __mspabi_slli
0000e204   __mspabi_slli_15
0000e206   __mspabi_slli_14
0000e208   __mspabi_slli_13
0000e20a   __mspabi_slli_12
0000e20c   __mspabi_slli_11
0000e20e   __mspabi_slli_10
0000e210   __mspabi_slli_9
0000e212   __mspabi_slli_8
0000e214   __mspabi_slli_7
0000e216   __mspabi_slli_6
0000e218   __mspabi_slli_5
0000e21a   __mspabi_slli_4
0000e21c   __mspabi_slli_3
0000e21e   __mspabi_slli_2
0000e220   __mspabi_slli_1
0000e224   wlan_disconnect
0000e250   initClk
0000e27a   SpiTriggerRxProcessing
0000e2a2   UINT32_TO_STREAM_f
0000e2ee   wakeup_timer_init
0000e312   wlan_stop
0000e332   memccpy
0000e34e   _c_int00
0000e34e   _c_int00_noexit
0000e39a   atoshort
0000e3b2   ascii_to_char
0000e3c8   __mspabi_divu
0000e3c8   __mspabi_remu
0000e3de   DispatcherUartSendPacket
0000e3f2   __TI_zero_init
0000e406   memset
0000e41a   __mspabi_mpyi
0000e42e   SSIContReadOperation
0000e452   __TI_decompress_none
0000e464   memcpy
0000e476   STREAM_TO_UINT16_f
0000e486   SimpleLinkWaitEvent
0000e496   UINT16_TO_STREAM_f
0000e4a6   WlanInterruptEnable
0000e4b6   WriteWlanPin
0000e4c6   __mspabi_slll
0000e4d6   __mspabi_func_epilog_7
0000e4d8   __mspabi_func_epilog_6
0000e4da   __mspabi_func_epilog_5
0000e4dc   __mspabi_func_epilog_4
0000e4de   __mspabi_func_epilog_3
0000e4e0   __mspabi_func_epilog_2
0000e4e2   __mspabi_func_epilog_1
0000e4e6   SpiClose
0000e4f4   strlen
0000e502   wakeup_timer_disable
0000e510   ReadWlanInterruptPin
0000e51c   SpiReadHeader
0000e528   SpiReceiveHandler
0000e534   sendBootLoaderPatch
0000e540   sendDriverPatch
0000e54c   sendWLFWPatch
0000e558   RXBufferIsEmpty
0000e562   TIMER1_A0_ISR
0000e56c   TXBufferIsEmpty
0000e576   SimpleLinkWaitData
0000e57e   SpiPauseSpi
0000e586   SpiResumeSpi
0000e58e   WlanInterruptDisable
0000e596   __TI_decompress_rle24
0000e59c   _system_pre_init
0000e5a0   C$$EXIT
0000e5a0   abort
0000e5a4   Trap_ISR
0000e5a6   turnLedOff
0000e5a8   turnLedOn
0000e5aa   pucUARTExampleAppString
0000e5c8   pucUARTCommandSmartConfigDoneString
0000e5de   pucUARTNoDataString
0000e606   pucUARTIllegalCommandString
0000e62c   pucUARTCommandDoneString
0000e634   aucCC3000_prefix
0000e664   __TI_Handler_Table_Base
0000e66a   __TI_Handler_Table_Limit
0000e66e   __TI_CINIT_Base
0000e676   __TI_CINIT_Limit
0000ffe4   __TI_int02
0000ffe6   __TI_int03
0000ffea   __TI_int05
0000ffec   __TI_int06
0000ffee   __TI_int07
0000fff0   __TI_int08
0000fff2   __TI_int09
0000fff4   __TI_int10
0000fff6   __TI_int11
0000fff8   __TI_int12
0000fffa   __TI_int13
0000fffc   __TI_int14
0000fffe   _reset_vector
ffffffff   __binit__
ffffffff   __c_args__
ffffffff   binit
UNDEFED    __TI_INITARRAY_Base
UNDEFED    __TI_INITARRAY_Limit

[317 symbols]
